15:12:58 **** Clean-only build of configuration Debug for project Motor13BSFM ****
make -j8 clean 
rm -rf  default.size.stdout  Motor13BSFM.list  Motor13BSFM.elf  ./Middlewares/MotorControl/bus_voltage_sensor.o ./Middlewares/MotorControl/circle_limitation.o ./Middlewares/MotorControl/dac_common_ui.o ./Middlewares/MotorControl/digital_output.o ./Middlewares/MotorControl/enc_align_ctrl.o ./Middlewares/MotorControl/encoder_speed_pos_fdbk.o ./Middlewares/MotorControl/frame_communication_protocol.o ./Middlewares/MotorControl/motor_power_measurement.o ./Middlewares/MotorControl/ntc_temperature_sensor.o ./Middlewares/MotorControl/open_loop.o ./Middlewares/MotorControl/pid_regulator.o ./Middlewares/MotorControl/pqd_motor_power_measurement.o ./Middlewares/MotorControl/pwm_common.o ./Middlewares/MotorControl/pwm_curr_fdbk.o ./Middlewares/MotorControl/r3_2_f30x_pwm_curr_fdbk.o ./Middlewares/MotorControl/r_divider_bus_voltage_sensor.o ./Middlewares/MotorControl/ramp_ext_mngr.o ./Middlewares/MotorControl/speed_pos_fdbk.o ./Middlewares/MotorControl/speed_torq_ctrl.o ./Middlewares/MotorControl/state_machine.o ./Middlewares/MotorControl/ui_irq_handler.o ./Middlewares/MotorControl/usart_frame_communication_protocol.o ./Middlewares/MotorControl/virtual_speed_sensor.o  ./Drivers/STM32F3xx_HAL_Driver/stm32f3xx_hal.o ./Drivers/STM32F3xx_HAL_Driver/stm32f3xx_hal_adc.o ./Drivers/STM32F3xx_HAL_Driver/stm32f3xx_hal_adc_ex.o ./Drivers/STM32F3xx_HAL_Driver/stm32f3xx_hal_cortex.o ./Drivers/STM32F3xx_HAL_Driver/stm32f3xx_hal_dac.o ./Drivers/STM32F3xx_HAL_Driver/stm32f3xx_hal_dac_ex.o ./Drivers/STM32F3xx_HAL_Driver/stm32f3xx_hal_dma.o ./Drivers/STM32F3xx_HAL_Driver/stm32f3xx_hal_exti.o ./Drivers/STM32F3xx_HAL_Driver/stm32f3xx_hal_flash.o ./Drivers/STM32F3xx_HAL_Driver/stm32f3xx_hal_flash_ex.o ./Drivers/STM32F3xx_HAL_Driver/stm32f3xx_hal_gpio.o ./Drivers/STM32F3xx_HAL_Driver/stm32f3xx_hal_i2c.o ./Drivers/STM32F3xx_HAL_Driver/stm32f3xx_hal_i2c_ex.o ./Drivers/STM32F3xx_HAL_Driver/stm32f3xx_hal_pwr.o ./Drivers/STM32F3xx_HAL_Driver/stm32f3xx_hal_pwr_ex.o ./Drivers/STM32F3xx_HAL_Driver/stm32f3xx_hal_rcc.o ./Drivers/STM32F3xx_HAL_Driver/stm32f3xx_hal_rcc_ex.o ./Drivers/STM32F3xx_HAL_Driver/stm32f3xx_hal_tim.o ./Drivers/STM32F3xx_HAL_Driver/stm32f3xx_hal_tim_ex.o ./Drivers/STM32F3xx_HAL_Driver/stm32f3xx_hal_uart.o ./Drivers/STM32F3xx_HAL_Driver/stm32f3xx_hal_uart_ex.o  ./Drivers/CMSIS/system_stm32f3xx.o  ./Application/User/dac_ui.o ./Application/User/main.o ./Application/User/mc_api.o ./Application/User/mc_config.o ./Application/User/mc_interface.o ./Application/User/mc_math.o ./Application/User/mc_parameters.o ./Application/User/mc_tasks.o ./Application/User/motor_control_protocol.o ./Application/User/motorcontrol.o ./Application/User/regular_conversion_manager.o ./Application/User/stm32f30x_mc_it.o ./Application/User/stm32f3xx_hal_msp.o ./Application/User/stm32f3xx_it.o ./Application/User/syscalls.o ./Application/User/sysmem.o ./Application/User/ui_task.o ./Application/User/user_interface.o  ./Application/Startup/startup_stm32f303retx.o  ./Application/Startup/startup_stm32f303retx.d  ./Middlewares/MotorControl/bus_voltage_sensor.d ./Middlewares/MotorControl/circle_limitation.d ./Middlewares/MotorControl/dac_common_ui.d ./Middlewares/MotorControl/digital_output.d ./Middlewares/MotorControl/enc_align_ctrl.d ./Middlewares/MotorControl/encoder_speed_pos_fdbk.d ./Middlewares/MotorControl/frame_communication_protocol.d ./Middlewares/MotorControl/motor_power_measurement.d ./Middlewares/MotorControl/ntc_temperature_sensor.d ./Middlewares/MotorControl/open_loop.d ./Middlewares/MotorControl/pid_regulator.d ./Middlewares/MotorControl/pqd_motor_power_measurement.d ./Middlewares/MotorControl/pwm_common.d ./Middlewares/MotorControl/pwm_curr_fdbk.d ./Middlewares/MotorControl/r3_2_f30x_pwm_curr_fdbk.d ./Middlewares/MotorControl/r_divider_bus_voltage_sensor.d ./Middlewares/MotorControl/ramp_ext_mngr.d ./Middlewares/MotorControl/speed_pos_fdbk.d ./Middlewares/MotorControl/speed_torq_ctrl.d ./Middlewares/MotorControl/state_machine.d ./Middlewares/MotorControl/ui_irq_handler.d ./Middlewares/MotorControl/usart_frame_communication_protocol.d ./Middlewares/MotorControl/virtual_speed_sensor.d  ./Drivers/STM32F3xx_HAL_Driver/stm32f3xx_hal.d ./Drivers/STM32F3xx_HAL_Driver/stm32f3xx_hal_adc.d ./Drivers/STM32F3xx_HAL_Driver/stm32f3xx_hal_adc_ex.d ./Drivers/STM32F3xx_HAL_Driver/stm32f3xx_hal_cortex.d ./Drivers/STM32F3xx_HAL_Driver/stm32f3xx_hal_dac.d ./Drivers/STM32F3xx_HAL_Driver/stm32f3xx_hal_dac_ex.d ./Drivers/STM32F3xx_HAL_Driver/stm32f3xx_hal_dma.d ./Drivers/STM32F3xx_HAL_Driver/stm32f3xx_hal_exti.d ./Drivers/STM32F3xx_HAL_Driver/stm32f3xx_hal_flash.d ./Drivers/STM32F3xx_HAL_Driver/stm32f3xx_hal_flash_ex.d ./Drivers/STM32F3xx_HAL_Driver/stm32f3xx_hal_gpio.d ./Drivers/STM32F3xx_HAL_Driver/stm32f3xx_hal_i2c.d ./Drivers/STM32F3xx_HAL_Driver/stm32f3xx_hal_i2c_ex.d ./Drivers/STM32F3xx_HAL_Driver/stm32f3xx_hal_pwr.d ./Drivers/STM32F3xx_HAL_Driver/stm32f3xx_hal_pwr_ex.d ./Drivers/STM32F3xx_HAL_Driver/stm32f3xx_hal_rcc.d ./Drivers/STM32F3xx_HAL_Driver/stm32f3xx_hal_rcc_ex.d ./Drivers/STM32F3xx_HAL_Driver/stm32f3xx_hal_tim.d ./Drivers/STM32F3xx_HAL_Driver/stm32f3xx_hal_tim_ex.d ./Drivers/STM32F3xx_HAL_Driver/stm32f3xx_hal_uart.d ./Drivers/STM32F3xx_HAL_Driver/stm32f3xx_hal_uart_ex.d  ./Drivers/CMSIS/system_stm32f3xx.d  ./Application/User/dac_ui.d ./Application/User/main.d ./Application/User/mc_api.d ./Application/User/mc_config.d ./Application/User/mc_interface.d ./Application/User/mc_math.d ./Application/User/mc_parameters.d ./Application/User/mc_tasks.d ./Application/User/motor_control_protocol.d ./Application/User/motorcontrol.d ./Application/User/regular_conversion_manager.d ./Application/User/stm32f30x_mc_it.d ./Application/User/stm32f3xx_hal_msp.d ./Application/User/stm32f3xx_it.d ./Application/User/syscalls.d ./Application/User/sysmem.d ./Application/User/ui_task.d ./Application/User/user_interface.d  Motor13BSFM.bin  Motor13BSFM.elf
 
15:12:59 **** Build of configuration Debug for project Motor13BSFM ****
make -j8 all 
arm-none-eabi-gcc "D:/code/StMtrProject/Motor13BSFM/MCSDK_v5.4.7/MotorControl/MCSDK/MCLib/Any/Src/bus_voltage_sensor.c" -mcpu=cortex-m4 -std=gnu11 -g3 -DDEBUG -DARM_MATH_CM4 -DUSE_HAL_DRIVER -DSTM32F303xE -c -I../../Inc -I../../Drivers/STM32F3xx_HAL_Driver/Inc -I../../Drivers/STM32F3xx_HAL_Driver/Inc/Legacy -I../../MCSDK_v5.4.7/MotorControl/MCSDK/MCLib/Any/Inc -I../../MCSDK_v5.4.7/MotorControl/MCSDK/MCLib/F3xx/Inc -I../../MCSDK_v5.4.7/MotorControl/MCSDK/UILibrary/Inc -I../../MCSDK_v5.4.7/MotorControl/MCSDK/SystemDriveParams -I../../Drivers/CMSIS/Device/ST/STM32F3xx/Include -I../../Drivers/CMSIS/Include -I../../Drivers/CMSIS/DSP/Include -Ofast -ffunction-sections -fdata-sections -Wall -fstack-usage -MMD -MP -MF"Middlewares/MotorControl/bus_voltage_sensor.d" -MT"Middlewares/MotorControl/bus_voltage_sensor.o" --specs=nano.specs -mfpu=fpv4-sp-d16 -mfloat-abi=hard -mthumb -o "Middlewares/MotorControl/bus_voltage_sensor.o"
arm-none-eabi-gcc "D:/code/StMtrProject/Motor13BSFM/MCSDK_v5.4.7/MotorControl/MCSDK/MCLib/Any/Src/circle_limitation.c" -mcpu=cortex-m4 -std=gnu11 -g3 -DDEBUG -DARM_MATH_CM4 -DUSE_HAL_DRIVER -DSTM32F303xE -c -I../../Inc -I../../Drivers/STM32F3xx_HAL_Driver/Inc -I../../Drivers/STM32F3xx_HAL_Driver/Inc/Legacy -I../../MCSDK_v5.4.7/MotorControl/MCSDK/MCLib/Any/Inc -I../../MCSDK_v5.4.7/MotorControl/MCSDK/MCLib/F3xx/Inc -I../../MCSDK_v5.4.7/MotorControl/MCSDK/UILibrary/Inc -I../../MCSDK_v5.4.7/MotorControl/MCSDK/SystemDriveParams -I../../Drivers/CMSIS/Device/ST/STM32F3xx/Include -I../../Drivers/CMSIS/Include -I../../Drivers/CMSIS/DSP/Include -Ofast -ffunction-sections -fdata-sections -Wall -fstack-usage -MMD -MP -MF"Middlewares/MotorControl/circle_limitation.d" -MT"Middlewares/MotorControl/circle_limitation.o" --specs=nano.specs -mfpu=fpv4-sp-d16 -mfloat-abi=hard -mthumb -o "Middlewares/MotorControl/circle_limitation.o"
arm-none-eabi-gcc "D:/code/StMtrProject/Motor13BSFM/MCSDK_v5.4.7/MotorControl/MCSDK/UILibrary/Src/dac_common_ui.c" -mcpu=cortex-m4 -std=gnu11 -g3 -DDEBUG -DARM_MATH_CM4 -DUSE_HAL_DRIVER -DSTM32F303xE -c -I../../Inc -I../../Drivers/STM32F3xx_HAL_Driver/Inc -I../../Drivers/STM32F3xx_HAL_Driver/Inc/Legacy -I../../MCSDK_v5.4.7/MotorControl/MCSDK/MCLib/Any/Inc -I../../MCSDK_v5.4.7/MotorControl/MCSDK/MCLib/F3xx/Inc -I../../MCSDK_v5.4.7/MotorControl/MCSDK/UILibrary/Inc -I../../MCSDK_v5.4.7/MotorControl/MCSDK/SystemDriveParams -I../../Drivers/CMSIS/Device/ST/STM32F3xx/Include -I../../Drivers/CMSIS/Include -I../../Drivers/CMSIS/DSP/Include -Ofast -ffunction-sections -fdata-sections -Wall -fstack-usage -MMD -MP -MF"Middlewares/MotorControl/dac_common_ui.d" -MT"Middlewares/MotorControl/dac_common_ui.o" --specs=nano.specs -mfpu=fpv4-sp-d16 -mfloat-abi=hard -mthumb -o "Middlewares/MotorControl/dac_common_ui.o"
arm-none-eabi-gcc "D:/code/StMtrProject/Motor13BSFM/MCSDK_v5.4.7/MotorControl/MCSDK/MCLib/Any/Src/digital_output.c" -mcpu=cortex-m4 -std=gnu11 -g3 -DDEBUG -DARM_MATH_CM4 -DUSE_HAL_DRIVER -DSTM32F303xE -c -I../../Inc -I../../Drivers/STM32F3xx_HAL_Driver/Inc -I../../Drivers/STM32F3xx_HAL_Driver/Inc/Legacy -I../../MCSDK_v5.4.7/MotorControl/MCSDK/MCLib/Any/Inc -I../../MCSDK_v5.4.7/MotorControl/MCSDK/MCLib/F3xx/Inc -I../../MCSDK_v5.4.7/MotorControl/MCSDK/UILibrary/Inc -I../../MCSDK_v5.4.7/MotorControl/MCSDK/SystemDriveParams -I../../Drivers/CMSIS/Device/ST/STM32F3xx/Include -I../../Drivers/CMSIS/Include -I../../Drivers/CMSIS/DSP/Include -Ofast -ffunction-sections -fdata-sections -Wall -fstack-usage -MMD -MP -MF"Middlewares/MotorControl/digital_output.d" -MT"Middlewares/MotorControl/digital_output.o" --specs=nano.specs -mfpu=fpv4-sp-d16 -mfloat-abi=hard -mthumb -o "Middlewares/MotorControl/digital_output.o"
arm-none-eabi-gcc "D:/code/StMtrProject/Motor13BSFM/MCSDK_v5.4.7/MotorControl/MCSDK/MCLib/Any/Src/enc_align_ctrl.c" -mcpu=cortex-m4 -std=gnu11 -g3 -DDEBUG -DARM_MATH_CM4 -DUSE_HAL_DRIVER -DSTM32F303xE -c -I../../Inc -I../../Drivers/STM32F3xx_HAL_Driver/Inc -I../../Drivers/STM32F3xx_HAL_Driver/Inc/Legacy -I../../MCSDK_v5.4.7/MotorControl/MCSDK/MCLib/Any/Inc -I../../MCSDK_v5.4.7/MotorControl/MCSDK/MCLib/F3xx/Inc -I../../MCSDK_v5.4.7/MotorControl/MCSDK/UILibrary/Inc -I../../MCSDK_v5.4.7/MotorControl/MCSDK/SystemDriveParams -I../../Drivers/CMSIS/Device/ST/STM32F3xx/Include -I../../Drivers/CMSIS/Include -I../../Drivers/CMSIS/DSP/Include -Ofast -ffunction-sections -fdata-sections -Wall -fstack-usage -MMD -MP -MF"Middlewares/MotorControl/enc_align_ctrl.d" -MT"Middlewares/MotorControl/enc_align_ctrl.o" --specs=nano.specs -mfpu=fpv4-sp-d16 -mfloat-abi=hard -mthumb -o "Middlewares/MotorControl/enc_align_ctrl.o"
arm-none-eabi-gcc "D:/code/StMtrProject/Motor13BSFM/MCSDK_v5.4.7/MotorControl/MCSDK/MCLib/Any/Src/encoder_speed_pos_fdbk.c" -mcpu=cortex-m4 -std=gnu11 -g3 -DDEBUG -DARM_MATH_CM4 -DUSE_HAL_DRIVER -DSTM32F303xE -c -I../../Inc -I../../Drivers/STM32F3xx_HAL_Driver/Inc -I../../Drivers/STM32F3xx_HAL_Driver/Inc/Legacy -I../../MCSDK_v5.4.7/MotorControl/MCSDK/MCLib/Any/Inc -I../../MCSDK_v5.4.7/MotorControl/MCSDK/MCLib/F3xx/Inc -I../../MCSDK_v5.4.7/MotorControl/MCSDK/UILibrary/Inc -I../../MCSDK_v5.4.7/MotorControl/MCSDK/SystemDriveParams -I../../Drivers/CMSIS/Device/ST/STM32F3xx/Include -I../../Drivers/CMSIS/Include -I../../Drivers/CMSIS/DSP/Include -Ofast -ffunction-sections -fdata-sections -Wall -fstack-usage -MMD -MP -MF"Middlewares/MotorControl/encoder_speed_pos_fdbk.d" -MT"Middlewares/MotorControl/encoder_speed_pos_fdbk.o" --specs=nano.specs -mfpu=fpv4-sp-d16 -mfloat-abi=hard -mthumb -o "Middlewares/MotorControl/encoder_speed_pos_fdbk.o"
arm-none-eabi-gcc "D:/code/StMtrProject/Motor13BSFM/MCSDK_v5.4.7/MotorControl/MCSDK/UILibrary/Src/frame_communication_protocol.c" -mcpu=cortex-m4 -std=gnu11 -g3 -DDEBUG -DARM_MATH_CM4 -DUSE_HAL_DRIVER -DSTM32F303xE -c -I../../Inc -I../../Drivers/STM32F3xx_HAL_Driver/Inc -I../../Drivers/STM32F3xx_HAL_Driver/Inc/Legacy -I../../MCSDK_v5.4.7/MotorControl/MCSDK/MCLib/Any/Inc -I../../MCSDK_v5.4.7/MotorControl/MCSDK/MCLib/F3xx/Inc -I../../MCSDK_v5.4.7/MotorControl/MCSDK/UILibrary/Inc -I../../MCSDK_v5.4.7/MotorControl/MCSDK/SystemDriveParams -I../../Drivers/CMSIS/Device/ST/STM32F3xx/Include -I../../Drivers/CMSIS/Include -I../../Drivers/CMSIS/DSP/Include -Ofast -ffunction-sections -fdata-sections -Wall -fstack-usage -MMD -MP -MF"Middlewares/MotorControl/frame_communication_protocol.d" -MT"Middlewares/MotorControl/frame_communication_protocol.o" --specs=nano.specs -mfpu=fpv4-sp-d16 -mfloat-abi=hard -mthumb -o "Middlewares/MotorControl/frame_communication_protocol.o"
arm-none-eabi-gcc "D:/code/StMtrProject/Motor13BSFM/MCSDK_v5.4.7/MotorControl/MCSDK/MCLib/Any/Src/motor_power_measurement.c" -mcpu=cortex-m4 -std=gnu11 -g3 -DDEBUG -DARM_MATH_CM4 -DUSE_HAL_DRIVER -DSTM32F303xE -c -I../../Inc -I../../Drivers/STM32F3xx_HAL_Driver/Inc -I../../Drivers/STM32F3xx_HAL_Driver/Inc/Legacy -I../../MCSDK_v5.4.7/MotorControl/MCSDK/MCLib/Any/Inc -I../../MCSDK_v5.4.7/MotorControl/MCSDK/MCLib/F3xx/Inc -I../../MCSDK_v5.4.7/MotorControl/MCSDK/UILibrary/Inc -I../../MCSDK_v5.4.7/MotorControl/MCSDK/SystemDriveParams -I../../Drivers/CMSIS/Device/ST/STM32F3xx/Include -I../../Drivers/CMSIS/Include -I../../Drivers/CMSIS/DSP/Include -Ofast -ffunction-sections -fdata-sections -Wall -fstack-usage -MMD -MP -MF"Middlewares/MotorControl/motor_power_measurement.d" -MT"Middlewares/MotorControl/motor_power_measurement.o" --specs=nano.specs -mfpu=fpv4-sp-d16 -mfloat-abi=hard -mthumb -o "Middlewares/MotorControl/motor_power_measurement.o"
arm-none-eabi-gcc "D:/code/StMtrProject/Motor13BSFM/MCSDK_v5.4.7/MotorControl/MCSDK/MCLib/Any/Src/ntc_temperature_sensor.c" -mcpu=cortex-m4 -std=gnu11 -g3 -DDEBUG -DARM_MATH_CM4 -DUSE_HAL_DRIVER -DSTM32F303xE -c -I../../Inc -I../../Drivers/STM32F3xx_HAL_Driver/Inc -I../../Drivers/STM32F3xx_HAL_Driver/Inc/Legacy -I../../MCSDK_v5.4.7/MotorControl/MCSDK/MCLib/Any/Inc -I../../MCSDK_v5.4.7/MotorControl/MCSDK/MCLib/F3xx/Inc -I../../MCSDK_v5.4.7/MotorControl/MCSDK/UILibrary/Inc -I../../MCSDK_v5.4.7/MotorControl/MCSDK/SystemDriveParams -I../../Drivers/CMSIS/Device/ST/STM32F3xx/Include -I../../Drivers/CMSIS/Include -I../../Drivers/CMSIS/DSP/Include -Ofast -ffunction-sections -fdata-sections -Wall -fstack-usage -MMD -MP -MF"Middlewares/MotorControl/ntc_temperature_sensor.d" -MT"Middlewares/MotorControl/ntc_temperature_sensor.o" --specs=nano.specs -mfpu=fpv4-sp-d16 -mfloat-abi=hard -mthumb -o "Middlewares/MotorControl/ntc_temperature_sensor.o"
arm-none-eabi-gcc "D:/code/StMtrProject/Motor13BSFM/MCSDK_v5.4.7/MotorControl/MCSDK/MCLib/Any/Src/open_loop.c" -mcpu=cortex-m4 -std=gnu11 -g3 -DDEBUG -DARM_MATH_CM4 -DUSE_HAL_DRIVER -DSTM32F303xE -c -I../../Inc -I../../Drivers/STM32F3xx_HAL_Driver/Inc -I../../Drivers/STM32F3xx_HAL_Driver/Inc/Legacy -I../../MCSDK_v5.4.7/MotorControl/MCSDK/MCLib/Any/Inc -I../../MCSDK_v5.4.7/MotorControl/MCSDK/MCLib/F3xx/Inc -I../../MCSDK_v5.4.7/MotorControl/MCSDK/UILibrary/Inc -I../../MCSDK_v5.4.7/MotorControl/MCSDK/SystemDriveParams -I../../Drivers/CMSIS/Device/ST/STM32F3xx/Include -I../../Drivers/CMSIS/Include -I../../Drivers/CMSIS/DSP/Include -Ofast -ffunction-sections -fdata-sections -Wall -fstack-usage -MMD -MP -MF"Middlewares/MotorControl/open_loop.d" -MT"Middlewares/MotorControl/open_loop.o" --specs=nano.specs -mfpu=fpv4-sp-d16 -mfloat-abi=hard -mthumb -o "Middlewares/MotorControl/open_loop.o"
arm-none-eabi-gcc "D:/code/StMtrProject/Motor13BSFM/MCSDK_v5.4.7/MotorControl/MCSDK/MCLib/Any/Src/pid_regulator.c" -mcpu=cortex-m4 -std=gnu11 -g3 -DDEBUG -DARM_MATH_CM4 -DUSE_HAL_DRIVER -DSTM32F303xE -c -I../../Inc -I../../Drivers/STM32F3xx_HAL_Driver/Inc -I../../Drivers/STM32F3xx_HAL_Driver/Inc/Legacy -I../../MCSDK_v5.4.7/MotorControl/MCSDK/MCLib/Any/Inc -I../../MCSDK_v5.4.7/MotorControl/MCSDK/MCLib/F3xx/Inc -I../../MCSDK_v5.4.7/MotorControl/MCSDK/UILibrary/Inc -I../../MCSDK_v5.4.7/MotorControl/MCSDK/SystemDriveParams -I../../Drivers/CMSIS/Device/ST/STM32F3xx/Include -I../../Drivers/CMSIS/Include -I../../Drivers/CMSIS/DSP/Include -Ofast -ffunction-sections -fdata-sections -Wall -fstack-usage -MMD -MP -MF"Middlewares/MotorControl/pid_regulator.d" -MT"Middlewares/MotorControl/pid_regulator.o" --specs=nano.specs -mfpu=fpv4-sp-d16 -mfloat-abi=hard -mthumb -o "Middlewares/MotorControl/pid_regulator.o"
arm-none-eabi-gcc "D:/code/StMtrProject/Motor13BSFM/MCSDK_v5.4.7/MotorControl/MCSDK/MCLib/Any/Src/pqd_motor_power_measurement.c" -mcpu=cortex-m4 -std=gnu11 -g3 -DDEBUG -DARM_MATH_CM4 -DUSE_HAL_DRIVER -DSTM32F303xE -c -I../../Inc -I../../Drivers/STM32F3xx_HAL_Driver/Inc -I../../Drivers/STM32F3xx_HAL_Driver/Inc/Legacy -I../../MCSDK_v5.4.7/MotorControl/MCSDK/MCLib/Any/Inc -I../../MCSDK_v5.4.7/MotorControl/MCSDK/MCLib/F3xx/Inc -I../../MCSDK_v5.4.7/MotorControl/MCSDK/UILibrary/Inc -I../../MCSDK_v5.4.7/MotorControl/MCSDK/SystemDriveParams -I../../Drivers/CMSIS/Device/ST/STM32F3xx/Include -I../../Drivers/CMSIS/Include -I../../Drivers/CMSIS/DSP/Include -Ofast -ffunction-sections -fdata-sections -Wall -fstack-usage -MMD -MP -MF"Middlewares/MotorControl/pqd_motor_power_measurement.d" -MT"Middlewares/MotorControl/pqd_motor_power_measurement.o" --specs=nano.specs -mfpu=fpv4-sp-d16 -mfloat-abi=hard -mthumb -o "Middlewares/MotorControl/pqd_motor_power_measurement.o"
arm-none-eabi-gcc "D:/code/StMtrProject/Motor13BSFM/MCSDK_v5.4.7/MotorControl/MCSDK/MCLib/Any/Src/pwm_common.c" -mcpu=cortex-m4 -std=gnu11 -g3 -DDEBUG -DARM_MATH_CM4 -DUSE_HAL_DRIVER -DSTM32F303xE -c -I../../Inc -I../../Drivers/STM32F3xx_HAL_Driver/Inc -I../../Drivers/STM32F3xx_HAL_Driver/Inc/Legacy -I../../MCSDK_v5.4.7/MotorControl/MCSDK/MCLib/Any/Inc -I../../MCSDK_v5.4.7/MotorControl/MCSDK/MCLib/F3xx/Inc -I../../MCSDK_v5.4.7/MotorControl/MCSDK/UILibrary/Inc -I../../MCSDK_v5.4.7/MotorControl/MCSDK/SystemDriveParams -I../../Drivers/CMSIS/Device/ST/STM32F3xx/Include -I../../Drivers/CMSIS/Include -I../../Drivers/CMSIS/DSP/Include -Ofast -ffunction-sections -fdata-sections -Wall -fstack-usage -MMD -MP -MF"Middlewares/MotorControl/pwm_common.d" -MT"Middlewares/MotorControl/pwm_common.o" --specs=nano.specs -mfpu=fpv4-sp-d16 -mfloat-abi=hard -mthumb -o "Middlewares/MotorControl/pwm_common.o"
arm-none-eabi-gcc "D:/code/StMtrProject/Motor13BSFM/MCSDK_v5.4.7/MotorControl/MCSDK/MCLib/Any/Src/pwm_curr_fdbk.c" -mcpu=cortex-m4 -std=gnu11 -g3 -DDEBUG -DARM_MATH_CM4 -DUSE_HAL_DRIVER -DSTM32F303xE -c -I../../Inc -I../../Drivers/STM32F3xx_HAL_Driver/Inc -I../../Drivers/STM32F3xx_HAL_Driver/Inc/Legacy -I../../MCSDK_v5.4.7/MotorControl/MCSDK/MCLib/Any/Inc -I../../MCSDK_v5.4.7/MotorControl/MCSDK/MCLib/F3xx/Inc -I../../MCSDK_v5.4.7/MotorControl/MCSDK/UILibrary/Inc -I../../MCSDK_v5.4.7/MotorControl/MCSDK/SystemDriveParams -I../../Drivers/CMSIS/Device/ST/STM32F3xx/Include -I../../Drivers/CMSIS/Include -I../../Drivers/CMSIS/DSP/Include -Ofast -ffunction-sections -fdata-sections -Wall -fstack-usage -MMD -MP -MF"Middlewares/MotorControl/pwm_curr_fdbk.d" -MT"Middlewares/MotorControl/pwm_curr_fdbk.o" --specs=nano.specs -mfpu=fpv4-sp-d16 -mfloat-abi=hard -mthumb -o "Middlewares/MotorControl/pwm_curr_fdbk.o"
arm-none-eabi-gcc "D:/code/StMtrProject/Motor13BSFM/MCSDK_v5.4.7/MotorControl/MCSDK/MCLib/F3xx/Src/r3_2_f30x_pwm_curr_fdbk.c" -mcpu=cortex-m4 -std=gnu11 -g3 -DDEBUG -DARM_MATH_CM4 -DUSE_HAL_DRIVER -DSTM32F303xE -c -I../../Inc -I../../Drivers/STM32F3xx_HAL_Driver/Inc -I../../Drivers/STM32F3xx_HAL_Driver/Inc/Legacy -I../../MCSDK_v5.4.7/MotorControl/MCSDK/MCLib/Any/Inc -I../../MCSDK_v5.4.7/MotorControl/MCSDK/MCLib/F3xx/Inc -I../../MCSDK_v5.4.7/MotorControl/MCSDK/UILibrary/Inc -I../../MCSDK_v5.4.7/MotorControl/MCSDK/SystemDriveParams -I../../Drivers/CMSIS/Device/ST/STM32F3xx/Include -I../../Drivers/CMSIS/Include -I../../Drivers/CMSIS/DSP/Include -Ofast -ffunction-sections -fdata-sections -Wall -fstack-usage -MMD -MP -MF"Middlewares/MotorControl/r3_2_f30x_pwm_curr_fdbk.d" -MT"Middlewares/MotorControl/r3_2_f30x_pwm_curr_fdbk.o" --specs=nano.specs -mfpu=fpv4-sp-d16 -mfloat-abi=hard -mthumb -o "Middlewares/MotorControl/r3_2_f30x_pwm_curr_fdbk.o"
arm-none-eabi-gcc "D:/code/StMtrProject/Motor13BSFM/MCSDK_v5.4.7/MotorControl/MCSDK/MCLib/Any/Src/r_divider_bus_voltage_sensor.c" -mcpu=cortex-m4 -std=gnu11 -g3 -DDEBUG -DARM_MATH_CM4 -DUSE_HAL_DRIVER -DSTM32F303xE -c -I../../Inc -I../../Drivers/STM32F3xx_HAL_Driver/Inc -I../../Drivers/STM32F3xx_HAL_Driver/Inc/Legacy -I../../MCSDK_v5.4.7/MotorControl/MCSDK/MCLib/Any/Inc -I../../MCSDK_v5.4.7/MotorControl/MCSDK/MCLib/F3xx/Inc -I../../MCSDK_v5.4.7/MotorControl/MCSDK/UILibrary/Inc -I../../MCSDK_v5.4.7/MotorControl/MCSDK/SystemDriveParams -I../../Drivers/CMSIS/Device/ST/STM32F3xx/Include -I../../Drivers/CMSIS/Include -I../../Drivers/CMSIS/DSP/Include -Ofast -ffunction-sections -fdata-sections -Wall -fstack-usage -MMD -MP -MF"Middlewares/MotorControl/r_divider_bus_voltage_sensor.d" -MT"Middlewares/MotorControl/r_divider_bus_voltage_sensor.o" --specs=nano.specs -mfpu=fpv4-sp-d16 -mfloat-abi=hard -mthumb -o "Middlewares/MotorControl/r_divider_bus_voltage_sensor.o"
arm-none-eabi-gcc "D:/code/StMtrProject/Motor13BSFM/MCSDK_v5.4.7/MotorControl/MCSDK/MCLib/Any/Src/ramp_ext_mngr.c" -mcpu=cortex-m4 -std=gnu11 -g3 -DDEBUG -DARM_MATH_CM4 -DUSE_HAL_DRIVER -DSTM32F303xE -c -I../../Inc -I../../Drivers/STM32F3xx_HAL_Driver/Inc -I../../Drivers/STM32F3xx_HAL_Driver/Inc/Legacy -I../../MCSDK_v5.4.7/MotorControl/MCSDK/MCLib/Any/Inc -I../../MCSDK_v5.4.7/MotorControl/MCSDK/MCLib/F3xx/Inc -I../../MCSDK_v5.4.7/MotorControl/MCSDK/UILibrary/Inc -I../../MCSDK_v5.4.7/MotorControl/MCSDK/SystemDriveParams -I../../Drivers/CMSIS/Device/ST/STM32F3xx/Include -I../../Drivers/CMSIS/Include -I../../Drivers/CMSIS/DSP/Include -Ofast -ffunction-sections -fdata-sections -Wall -fstack-usage -MMD -MP -MF"Middlewares/MotorControl/ramp_ext_mngr.d" -MT"Middlewares/MotorControl/ramp_ext_mngr.o" --specs=nano.specs -mfpu=fpv4-sp-d16 -mfloat-abi=hard -mthumb -o "Middlewares/MotorControl/ramp_ext_mngr.o"
arm-none-eabi-gcc "D:/code/StMtrProject/Motor13BSFM/MCSDK_v5.4.7/MotorControl/MCSDK/MCLib/Any/Src/speed_pos_fdbk.c" -mcpu=cortex-m4 -std=gnu11 -g3 -DDEBUG -DARM_MATH_CM4 -DUSE_HAL_DRIVER -DSTM32F303xE -c -I../../Inc -I../../Drivers/STM32F3xx_HAL_Driver/Inc -I../../Drivers/STM32F3xx_HAL_Driver/Inc/Legacy -I../../MCSDK_v5.4.7/MotorControl/MCSDK/MCLib/Any/Inc -I../../MCSDK_v5.4.7/MotorControl/MCSDK/MCLib/F3xx/Inc -I../../MCSDK_v5.4.7/MotorControl/MCSDK/UILibrary/Inc -I../../MCSDK_v5.4.7/MotorControl/MCSDK/SystemDriveParams -I../../Drivers/CMSIS/Device/ST/STM32F3xx/Include -I../../Drivers/CMSIS/Include -I../../Drivers/CMSIS/DSP/Include -Ofast -ffunction-sections -fdata-sections -Wall -fstack-usage -MMD -MP -MF"Middlewares/MotorControl/speed_pos_fdbk.d" -MT"Middlewares/MotorControl/speed_pos_fdbk.o" --specs=nano.specs -mfpu=fpv4-sp-d16 -mfloat-abi=hard -mthumb -o "Middlewares/MotorControl/speed_pos_fdbk.o"
arm-none-eabi-gcc "D:/code/StMtrProject/Motor13BSFM/MCSDK_v5.4.7/MotorControl/MCSDK/MCLib/Any/Src/speed_torq_ctrl.c" -mcpu=cortex-m4 -std=gnu11 -g3 -DDEBUG -DARM_MATH_CM4 -DUSE_HAL_DRIVER -DSTM32F303xE -c -I../../Inc -I../../Drivers/STM32F3xx_HAL_Driver/Inc -I../../Drivers/STM32F3xx_HAL_Driver/Inc/Legacy -I../../MCSDK_v5.4.7/MotorControl/MCSDK/MCLib/Any/Inc -I../../MCSDK_v5.4.7/MotorControl/MCSDK/MCLib/F3xx/Inc -I../../MCSDK_v5.4.7/MotorControl/MCSDK/UILibrary/Inc -I../../MCSDK_v5.4.7/MotorControl/MCSDK/SystemDriveParams -I../../Drivers/CMSIS/Device/ST/STM32F3xx/Include -I../../Drivers/CMSIS/Include -I../../Drivers/CMSIS/DSP/Include -Ofast -ffunction-sections -fdata-sections -Wall -fstack-usage -MMD -MP -MF"Middlewares/MotorControl/speed_torq_ctrl.d" -MT"Middlewares/MotorControl/speed_torq_ctrl.o" --specs=nano.specs -mfpu=fpv4-sp-d16 -mfloat-abi=hard -mthumb -o "Middlewares/MotorControl/speed_torq_ctrl.o"
arm-none-eabi-gcc "D:/code/StMtrProject/Motor13BSFM/MCSDK_v5.4.7/MotorControl/MCSDK/MCLib/Any/Src/state_machine.c" -mcpu=cortex-m4 -std=gnu11 -g3 -DDEBUG -DARM_MATH_CM4 -DUSE_HAL_DRIVER -DSTM32F303xE -c -I../../Inc -I../../Drivers/STM32F3xx_HAL_Driver/Inc -I../../Drivers/STM32F3xx_HAL_Driver/Inc/Legacy -I../../MCSDK_v5.4.7/MotorControl/MCSDK/MCLib/Any/Inc -I../../MCSDK_v5.4.7/MotorControl/MCSDK/MCLib/F3xx/Inc -I../../MCSDK_v5.4.7/MotorControl/MCSDK/UILibrary/Inc -I../../MCSDK_v5.4.7/MotorControl/MCSDK/SystemDriveParams -I../../Drivers/CMSIS/Device/ST/STM32F3xx/Include -I../../Drivers/CMSIS/Include -I../../Drivers/CMSIS/DSP/Include -Ofast -ffunction-sections -fdata-sections -Wall -fstack-usage -MMD -MP -MF"Middlewares/MotorControl/state_machine.d" -MT"Middlewares/MotorControl/state_machine.o" --specs=nano.specs -mfpu=fpv4-sp-d16 -mfloat-abi=hard -mthumb -o "Middlewares/MotorControl/state_machine.o"
arm-none-eabi-gcc "D:/code/StMtrProject/Motor13BSFM/MCSDK_v5.4.7/MotorControl/MCSDK/UILibrary/Src/ui_irq_handler.c" -mcpu=cortex-m4 -std=gnu11 -g3 -DDEBUG -DARM_MATH_CM4 -DUSE_HAL_DRIVER -DSTM32F303xE -c -I../../Inc -I../../Drivers/STM32F3xx_HAL_Driver/Inc -I../../Drivers/STM32F3xx_HAL_Driver/Inc/Legacy -I../../MCSDK_v5.4.7/MotorControl/MCSDK/MCLib/Any/Inc -I../../MCSDK_v5.4.7/MotorControl/MCSDK/MCLib/F3xx/Inc -I../../MCSDK_v5.4.7/MotorControl/MCSDK/UILibrary/Inc -I../../MCSDK_v5.4.7/MotorControl/MCSDK/SystemDriveParams -I../../Drivers/CMSIS/Device/ST/STM32F3xx/Include -I../../Drivers/CMSIS/Include -I../../Drivers/CMSIS/DSP/Include -Ofast -ffunction-sections -fdata-sections -Wall -fstack-usage -MMD -MP -MF"Middlewares/MotorControl/ui_irq_handler.d" -MT"Middlewares/MotorControl/ui_irq_handler.o" --specs=nano.specs -mfpu=fpv4-sp-d16 -mfloat-abi=hard -mthumb -o "Middlewares/MotorControl/ui_irq_handler.o"
arm-none-eabi-gcc "D:/code/StMtrProject/Motor13BSFM/MCSDK_v5.4.7/MotorControl/MCSDK/UILibrary/Src/usart_frame_communication_protocol.c" -mcpu=cortex-m4 -std=gnu11 -g3 -DDEBUG -DARM_MATH_CM4 -DUSE_HAL_DRIVER -DSTM32F303xE -c -I../../Inc -I../../Drivers/STM32F3xx_HAL_Driver/Inc -I../../Drivers/STM32F3xx_HAL_Driver/Inc/Legacy -I../../MCSDK_v5.4.7/MotorControl/MCSDK/MCLib/Any/Inc -I../../MCSDK_v5.4.7/MotorControl/MCSDK/MCLib/F3xx/Inc -I../../MCSDK_v5.4.7/MotorControl/MCSDK/UILibrary/Inc -I../../MCSDK_v5.4.7/MotorControl/MCSDK/SystemDriveParams -I../../Drivers/CMSIS/Device/ST/STM32F3xx/Include -I../../Drivers/CMSIS/Include -I../../Drivers/CMSIS/DSP/Include -Ofast -ffunction-sections -fdata-sections -Wall -fstack-usage -MMD -MP -MF"Middlewares/MotorControl/usart_frame_communication_protocol.d" -MT"Middlewares/MotorControl/usart_frame_communication_protocol.o" --specs=nano.specs -mfpu=fpv4-sp-d16 -mfloat-abi=hard -mthumb -o "Middlewares/MotorControl/usart_frame_communication_protocol.o"
arm-none-eabi-gcc "D:/code/StMtrProject/Motor13BSFM/MCSDK_v5.4.7/MotorControl/MCSDK/MCLib/Any/Src/virtual_speed_sensor.c" -mcpu=cortex-m4 -std=gnu11 -g3 -DDEBUG -DARM_MATH_CM4 -DUSE_HAL_DRIVER -DSTM32F303xE -c -I../../Inc -I../../Drivers/STM32F3xx_HAL_Driver/Inc -I../../Drivers/STM32F3xx_HAL_Driver/Inc/Legacy -I../../MCSDK_v5.4.7/MotorControl/MCSDK/MCLib/Any/Inc -I../../MCSDK_v5.4.7/MotorControl/MCSDK/MCLib/F3xx/Inc -I../../MCSDK_v5.4.7/MotorControl/MCSDK/UILibrary/Inc -I../../MCSDK_v5.4.7/MotorControl/MCSDK/SystemDriveParams -I../../Drivers/CMSIS/Device/ST/STM32F3xx/Include -I../../Drivers/CMSIS/Include -I../../Drivers/CMSIS/DSP/Include -Ofast -ffunction-sections -fdata-sections -Wall -fstack-usage -MMD -MP -MF"Middlewares/MotorControl/virtual_speed_sensor.d" -MT"Middlewares/MotorControl/virtual_speed_sensor.o" --specs=nano.specs -mfpu=fpv4-sp-d16 -mfloat-abi=hard -mthumb -o "Middlewares/MotorControl/virtual_speed_sensor.o"
arm-none-eabi-gcc "D:/code/StMtrProject/Motor13BSFM/Drivers/STM32F3xx_HAL_Driver/Src/stm32f3xx_hal.c" -mcpu=cortex-m4 -std=gnu11 -g3 -DDEBUG -DARM_MATH_CM4 -DUSE_HAL_DRIVER -DSTM32F303xE -c -I../../Inc -I../../Drivers/STM32F3xx_HAL_Driver/Inc -I../../Drivers/STM32F3xx_HAL_Driver/Inc/Legacy -I../../MCSDK_v5.4.7/MotorControl/MCSDK/MCLib/Any/Inc -I../../MCSDK_v5.4.7/MotorControl/MCSDK/MCLib/F3xx/Inc -I../../MCSDK_v5.4.7/MotorControl/MCSDK/UILibrary/Inc -I../../MCSDK_v5.4.7/MotorControl/MCSDK/SystemDriveParams -I../../Drivers/CMSIS/Device/ST/STM32F3xx/Include -I../../Drivers/CMSIS/Include -I../../Drivers/CMSIS/DSP/Include -Ofast -ffunction-sections -fdata-sections -Wall -fstack-usage -MMD -MP -MF"Drivers/STM32F3xx_HAL_Driver/stm32f3xx_hal.d" -MT"Drivers/STM32F3xx_HAL_Driver/stm32f3xx_hal.o" --specs=nano.specs -mfpu=fpv4-sp-d16 -mfloat-abi=hard -mthumb -o "Drivers/STM32F3xx_HAL_Driver/stm32f3xx_hal.o"
arm-none-eabi-gcc "D:/code/StMtrProject/Motor13BSFM/Drivers/STM32F3xx_HAL_Driver/Src/stm32f3xx_hal_adc.c" -mcpu=cortex-m4 -std=gnu11 -g3 -DDEBUG -DARM_MATH_CM4 -DUSE_HAL_DRIVER -DSTM32F303xE -c -I../../Inc -I../../Drivers/STM32F3xx_HAL_Driver/Inc -I../../Drivers/STM32F3xx_HAL_Driver/Inc/Legacy -I../../MCSDK_v5.4.7/MotorControl/MCSDK/MCLib/Any/Inc -I../../MCSDK_v5.4.7/MotorControl/MCSDK/MCLib/F3xx/Inc -I../../MCSDK_v5.4.7/MotorControl/MCSDK/UILibrary/Inc -I../../MCSDK_v5.4.7/MotorControl/MCSDK/SystemDriveParams -I../../Drivers/CMSIS/Device/ST/STM32F3xx/Include -I../../Drivers/CMSIS/Include -I../../Drivers/CMSIS/DSP/Include -Ofast -ffunction-sections -fdata-sections -Wall -fstack-usage -MMD -MP -MF"Drivers/STM32F3xx_HAL_Driver/stm32f3xx_hal_adc.d" -MT"Drivers/STM32F3xx_HAL_Driver/stm32f3xx_hal_adc.o" --specs=nano.specs -mfpu=fpv4-sp-d16 -mfloat-abi=hard -mthumb -o "Drivers/STM32F3xx_HAL_Driver/stm32f3xx_hal_adc.o"
arm-none-eabi-gcc "D:/code/StMtrProject/Motor13BSFM/Drivers/STM32F3xx_HAL_Driver/Src/stm32f3xx_hal_adc_ex.c" -mcpu=cortex-m4 -std=gnu11 -g3 -DDEBUG -DARM_MATH_CM4 -DUSE_HAL_DRIVER -DSTM32F303xE -c -I../../Inc -I../../Drivers/STM32F3xx_HAL_Driver/Inc -I../../Drivers/STM32F3xx_HAL_Driver/Inc/Legacy -I../../MCSDK_v5.4.7/MotorControl/MCSDK/MCLib/Any/Inc -I../../MCSDK_v5.4.7/MotorControl/MCSDK/MCLib/F3xx/Inc -I../../MCSDK_v5.4.7/MotorControl/MCSDK/UILibrary/Inc -I../../MCSDK_v5.4.7/MotorControl/MCSDK/SystemDriveParams -I../../Drivers/CMSIS/Device/ST/STM32F3xx/Include -I../../Drivers/CMSIS/Include -I../../Drivers/CMSIS/DSP/Include -Ofast -ffunction-sections -fdata-sections -Wall -fstack-usage -MMD -MP -MF"Drivers/STM32F3xx_HAL_Driver/stm32f3xx_hal_adc_ex.d" -MT"Drivers/STM32F3xx_HAL_Driver/stm32f3xx_hal_adc_ex.o" --specs=nano.specs -mfpu=fpv4-sp-d16 -mfloat-abi=hard -mthumb -o "Drivers/STM32F3xx_HAL_Driver/stm32f3xx_hal_adc_ex.o"
arm-none-eabi-gcc "D:/code/StMtrProject/Motor13BSFM/Drivers/STM32F3xx_HAL_Driver/Src/stm32f3xx_hal_cortex.c" -mcpu=cortex-m4 -std=gnu11 -g3 -DDEBUG -DARM_MATH_CM4 -DUSE_HAL_DRIVER -DSTM32F303xE -c -I../../Inc -I../../Drivers/STM32F3xx_HAL_Driver/Inc -I../../Drivers/STM32F3xx_HAL_Driver/Inc/Legacy -I../../MCSDK_v5.4.7/MotorControl/MCSDK/MCLib/Any/Inc -I../../MCSDK_v5.4.7/MotorControl/MCSDK/MCLib/F3xx/Inc -I../../MCSDK_v5.4.7/MotorControl/MCSDK/UILibrary/Inc -I../../MCSDK_v5.4.7/MotorControl/MCSDK/SystemDriveParams -I../../Drivers/CMSIS/Device/ST/STM32F3xx/Include -I../../Drivers/CMSIS/Include -I../../Drivers/CMSIS/DSP/Include -Ofast -ffunction-sections -fdata-sections -Wall -fstack-usage -MMD -MP -MF"Drivers/STM32F3xx_HAL_Driver/stm32f3xx_hal_cortex.d" -MT"Drivers/STM32F3xx_HAL_Driver/stm32f3xx_hal_cortex.o" --specs=nano.specs -mfpu=fpv4-sp-d16 -mfloat-abi=hard -mthumb -o "Drivers/STM32F3xx_HAL_Driver/stm32f3xx_hal_cortex.o"
arm-none-eabi-gcc "D:/code/StMtrProject/Motor13BSFM/Drivers/STM32F3xx_HAL_Driver/Src/stm32f3xx_hal_dac.c" -mcpu=cortex-m4 -std=gnu11 -g3 -DDEBUG -DARM_MATH_CM4 -DUSE_HAL_DRIVER -DSTM32F303xE -c -I../../Inc -I../../Drivers/STM32F3xx_HAL_Driver/Inc -I../../Drivers/STM32F3xx_HAL_Driver/Inc/Legacy -I../../MCSDK_v5.4.7/MotorControl/MCSDK/MCLib/Any/Inc -I../../MCSDK_v5.4.7/MotorControl/MCSDK/MCLib/F3xx/Inc -I../../MCSDK_v5.4.7/MotorControl/MCSDK/UILibrary/Inc -I../../MCSDK_v5.4.7/MotorControl/MCSDK/SystemDriveParams -I../../Drivers/CMSIS/Device/ST/STM32F3xx/Include -I../../Drivers/CMSIS/Include -I../../Drivers/CMSIS/DSP/Include -Ofast -ffunction-sections -fdata-sections -Wall -fstack-usage -MMD -MP -MF"Drivers/STM32F3xx_HAL_Driver/stm32f3xx_hal_dac.d" -MT"Drivers/STM32F3xx_HAL_Driver/stm32f3xx_hal_dac.o" --specs=nano.specs -mfpu=fpv4-sp-d16 -mfloat-abi=hard -mthumb -o "Drivers/STM32F3xx_HAL_Driver/stm32f3xx_hal_dac.o"
arm-none-eabi-gcc "D:/code/StMtrProject/Motor13BSFM/Drivers/STM32F3xx_HAL_Driver/Src/stm32f3xx_hal_dac_ex.c" -mcpu=cortex-m4 -std=gnu11 -g3 -DDEBUG -DARM_MATH_CM4 -DUSE_HAL_DRIVER -DSTM32F303xE -c -I../../Inc -I../../Drivers/STM32F3xx_HAL_Driver/Inc -I../../Drivers/STM32F3xx_HAL_Driver/Inc/Legacy -I../../MCSDK_v5.4.7/MotorControl/MCSDK/MCLib/Any/Inc -I../../MCSDK_v5.4.7/MotorControl/MCSDK/MCLib/F3xx/Inc -I../../MCSDK_v5.4.7/MotorControl/MCSDK/UILibrary/Inc -I../../MCSDK_v5.4.7/MotorControl/MCSDK/SystemDriveParams -I../../Drivers/CMSIS/Device/ST/STM32F3xx/Include -I../../Drivers/CMSIS/Include -I../../Drivers/CMSIS/DSP/Include -Ofast -ffunction-sections -fdata-sections -Wall -fstack-usage -MMD -MP -MF"Drivers/STM32F3xx_HAL_Driver/stm32f3xx_hal_dac_ex.d" -MT"Drivers/STM32F3xx_HAL_Driver/stm32f3xx_hal_dac_ex.o" --specs=nano.specs -mfpu=fpv4-sp-d16 -mfloat-abi=hard -mthumb -o "Drivers/STM32F3xx_HAL_Driver/stm32f3xx_hal_dac_ex.o"
arm-none-eabi-gcc "D:/code/StMtrProject/Motor13BSFM/Drivers/STM32F3xx_HAL_Driver/Src/stm32f3xx_hal_dma.c" -mcpu=cortex-m4 -std=gnu11 -g3 -DDEBUG -DARM_MATH_CM4 -DUSE_HAL_DRIVER -DSTM32F303xE -c -I../../Inc -I../../Drivers/STM32F3xx_HAL_Driver/Inc -I../../Drivers/STM32F3xx_HAL_Driver/Inc/Legacy -I../../MCSDK_v5.4.7/MotorControl/MCSDK/MCLib/Any/Inc -I../../MCSDK_v5.4.7/MotorControl/MCSDK/MCLib/F3xx/Inc -I../../MCSDK_v5.4.7/MotorControl/MCSDK/UILibrary/Inc -I../../MCSDK_v5.4.7/MotorControl/MCSDK/SystemDriveParams -I../../Drivers/CMSIS/Device/ST/STM32F3xx/Include -I../../Drivers/CMSIS/Include -I../../Drivers/CMSIS/DSP/Include -Ofast -ffunction-sections -fdata-sections -Wall -fstack-usage -MMD -MP -MF"Drivers/STM32F3xx_HAL_Driver/stm32f3xx_hal_dma.d" -MT"Drivers/STM32F3xx_HAL_Driver/stm32f3xx_hal_dma.o" --specs=nano.specs -mfpu=fpv4-sp-d16 -mfloat-abi=hard -mthumb -o "Drivers/STM32F3xx_HAL_Driver/stm32f3xx_hal_dma.o"
arm-none-eabi-gcc "D:/code/StMtrProject/Motor13BSFM/Drivers/STM32F3xx_HAL_Driver/Src/stm32f3xx_hal_exti.c" -mcpu=cortex-m4 -std=gnu11 -g3 -DDEBUG -DARM_MATH_CM4 -DUSE_HAL_DRIVER -DSTM32F303xE -c -I../../Inc -I../../Drivers/STM32F3xx_HAL_Driver/Inc -I../../Drivers/STM32F3xx_HAL_Driver/Inc/Legacy -I../../MCSDK_v5.4.7/MotorControl/MCSDK/MCLib/Any/Inc -I../../MCSDK_v5.4.7/MotorControl/MCSDK/MCLib/F3xx/Inc -I../../MCSDK_v5.4.7/MotorControl/MCSDK/UILibrary/Inc -I../../MCSDK_v5.4.7/MotorControl/MCSDK/SystemDriveParams -I../../Drivers/CMSIS/Device/ST/STM32F3xx/Include -I../../Drivers/CMSIS/Include -I../../Drivers/CMSIS/DSP/Include -Ofast -ffunction-sections -fdata-sections -Wall -fstack-usage -MMD -MP -MF"Drivers/STM32F3xx_HAL_Driver/stm32f3xx_hal_exti.d" -MT"Drivers/STM32F3xx_HAL_Driver/stm32f3xx_hal_exti.o" --specs=nano.specs -mfpu=fpv4-sp-d16 -mfloat-abi=hard -mthumb -o "Drivers/STM32F3xx_HAL_Driver/stm32f3xx_hal_exti.o"
arm-none-eabi-gcc "D:/code/StMtrProject/Motor13BSFM/Drivers/STM32F3xx_HAL_Driver/Src/stm32f3xx_hal_flash.c" -mcpu=cortex-m4 -std=gnu11 -g3 -DDEBUG -DARM_MATH_CM4 -DUSE_HAL_DRIVER -DSTM32F303xE -c -I../../Inc -I../../Drivers/STM32F3xx_HAL_Driver/Inc -I../../Drivers/STM32F3xx_HAL_Driver/Inc/Legacy -I../../MCSDK_v5.4.7/MotorControl/MCSDK/MCLib/Any/Inc -I../../MCSDK_v5.4.7/MotorControl/MCSDK/MCLib/F3xx/Inc -I../../MCSDK_v5.4.7/MotorControl/MCSDK/UILibrary/Inc -I../../MCSDK_v5.4.7/MotorControl/MCSDK/SystemDriveParams -I../../Drivers/CMSIS/Device/ST/STM32F3xx/Include -I../../Drivers/CMSIS/Include -I../../Drivers/CMSIS/DSP/Include -Ofast -ffunction-sections -fdata-sections -Wall -fstack-usage -MMD -MP -MF"Drivers/STM32F3xx_HAL_Driver/stm32f3xx_hal_flash.d" -MT"Drivers/STM32F3xx_HAL_Driver/stm32f3xx_hal_flash.o" --specs=nano.specs -mfpu=fpv4-sp-d16 -mfloat-abi=hard -mthumb -o "Drivers/STM32F3xx_HAL_Driver/stm32f3xx_hal_flash.o"
arm-none-eabi-gcc "D:/code/StMtrProject/Motor13BSFM/Drivers/STM32F3xx_HAL_Driver/Src/stm32f3xx_hal_flash_ex.c" -mcpu=cortex-m4 -std=gnu11 -g3 -DDEBUG -DARM_MATH_CM4 -DUSE_HAL_DRIVER -DSTM32F303xE -c -I../../Inc -I../../Drivers/STM32F3xx_HAL_Driver/Inc -I../../Drivers/STM32F3xx_HAL_Driver/Inc/Legacy -I../../MCSDK_v5.4.7/MotorControl/MCSDK/MCLib/Any/Inc -I../../MCSDK_v5.4.7/MotorControl/MCSDK/MCLib/F3xx/Inc -I../../MCSDK_v5.4.7/MotorControl/MCSDK/UILibrary/Inc -I../../MCSDK_v5.4.7/MotorControl/MCSDK/SystemDriveParams -I../../Drivers/CMSIS/Device/ST/STM32F3xx/Include -I../../Drivers/CMSIS/Include -I../../Drivers/CMSIS/DSP/Include -Ofast -ffunction-sections -fdata-sections -Wall -fstack-usage -MMD -MP -MF"Drivers/STM32F3xx_HAL_Driver/stm32f3xx_hal_flash_ex.d" -MT"Drivers/STM32F3xx_HAL_Driver/stm32f3xx_hal_flash_ex.o" --specs=nano.specs -mfpu=fpv4-sp-d16 -mfloat-abi=hard -mthumb -o "Drivers/STM32F3xx_HAL_Driver/stm32f3xx_hal_flash_ex.o"
arm-none-eabi-gcc "D:/code/StMtrProject/Motor13BSFM/Drivers/STM32F3xx_HAL_Driver/Src/stm32f3xx_hal_gpio.c" -mcpu=cortex-m4 -std=gnu11 -g3 -DDEBUG -DARM_MATH_CM4 -DUSE_HAL_DRIVER -DSTM32F303xE -c -I../../Inc -I../../Drivers/STM32F3xx_HAL_Driver/Inc -I../../Drivers/STM32F3xx_HAL_Driver/Inc/Legacy -I../../MCSDK_v5.4.7/MotorControl/MCSDK/MCLib/Any/Inc -I../../MCSDK_v5.4.7/MotorControl/MCSDK/MCLib/F3xx/Inc -I../../MCSDK_v5.4.7/MotorControl/MCSDK/UILibrary/Inc -I../../MCSDK_v5.4.7/MotorControl/MCSDK/SystemDriveParams -I../../Drivers/CMSIS/Device/ST/STM32F3xx/Include -I../../Drivers/CMSIS/Include -I../../Drivers/CMSIS/DSP/Include -Ofast -ffunction-sections -fdata-sections -Wall -fstack-usage -MMD -MP -MF"Drivers/STM32F3xx_HAL_Driver/stm32f3xx_hal_gpio.d" -MT"Drivers/STM32F3xx_HAL_Driver/stm32f3xx_hal_gpio.o" --specs=nano.specs -mfpu=fpv4-sp-d16 -mfloat-abi=hard -mthumb -o "Drivers/STM32F3xx_HAL_Driver/stm32f3xx_hal_gpio.o"
arm-none-eabi-gcc "D:/code/StMtrProject/Motor13BSFM/Drivers/STM32F3xx_HAL_Driver/Src/stm32f3xx_hal_i2c.c" -mcpu=cortex-m4 -std=gnu11 -g3 -DDEBUG -DARM_MATH_CM4 -DUSE_HAL_DRIVER -DSTM32F303xE -c -I../../Inc -I../../Drivers/STM32F3xx_HAL_Driver/Inc -I../../Drivers/STM32F3xx_HAL_Driver/Inc/Legacy -I../../MCSDK_v5.4.7/MotorControl/MCSDK/MCLib/Any/Inc -I../../MCSDK_v5.4.7/MotorControl/MCSDK/MCLib/F3xx/Inc -I../../MCSDK_v5.4.7/MotorControl/MCSDK/UILibrary/Inc -I../../MCSDK_v5.4.7/MotorControl/MCSDK/SystemDriveParams -I../../Drivers/CMSIS/Device/ST/STM32F3xx/Include -I../../Drivers/CMSIS/Include -I../../Drivers/CMSIS/DSP/Include -Ofast -ffunction-sections -fdata-sections -Wall -fstack-usage -MMD -MP -MF"Drivers/STM32F3xx_HAL_Driver/stm32f3xx_hal_i2c.d" -MT"Drivers/STM32F3xx_HAL_Driver/stm32f3xx_hal_i2c.o" --specs=nano.specs -mfpu=fpv4-sp-d16 -mfloat-abi=hard -mthumb -o "Drivers/STM32F3xx_HAL_Driver/stm32f3xx_hal_i2c.o"
arm-none-eabi-gcc "D:/code/StMtrProject/Motor13BSFM/Drivers/STM32F3xx_HAL_Driver/Src/stm32f3xx_hal_i2c_ex.c" -mcpu=cortex-m4 -std=gnu11 -g3 -DDEBUG -DARM_MATH_CM4 -DUSE_HAL_DRIVER -DSTM32F303xE -c -I../../Inc -I../../Drivers/STM32F3xx_HAL_Driver/Inc -I../../Drivers/STM32F3xx_HAL_Driver/Inc/Legacy -I../../MCSDK_v5.4.7/MotorControl/MCSDK/MCLib/Any/Inc -I../../MCSDK_v5.4.7/MotorControl/MCSDK/MCLib/F3xx/Inc -I../../MCSDK_v5.4.7/MotorControl/MCSDK/UILibrary/Inc -I../../MCSDK_v5.4.7/MotorControl/MCSDK/SystemDriveParams -I../../Drivers/CMSIS/Device/ST/STM32F3xx/Include -I../../Drivers/CMSIS/Include -I../../Drivers/CMSIS/DSP/Include -Ofast -ffunction-sections -fdata-sections -Wall -fstack-usage -MMD -MP -MF"Drivers/STM32F3xx_HAL_Driver/stm32f3xx_hal_i2c_ex.d" -MT"Drivers/STM32F3xx_HAL_Driver/stm32f3xx_hal_i2c_ex.o" --specs=nano.specs -mfpu=fpv4-sp-d16 -mfloat-abi=hard -mthumb -o "Drivers/STM32F3xx_HAL_Driver/stm32f3xx_hal_i2c_ex.o"
arm-none-eabi-gcc "D:/code/StMtrProject/Motor13BSFM/Drivers/STM32F3xx_HAL_Driver/Src/stm32f3xx_hal_pwr.c" -mcpu=cortex-m4 -std=gnu11 -g3 -DDEBUG -DARM_MATH_CM4 -DUSE_HAL_DRIVER -DSTM32F303xE -c -I../../Inc -I../../Drivers/STM32F3xx_HAL_Driver/Inc -I../../Drivers/STM32F3xx_HAL_Driver/Inc/Legacy -I../../MCSDK_v5.4.7/MotorControl/MCSDK/MCLib/Any/Inc -I../../MCSDK_v5.4.7/MotorControl/MCSDK/MCLib/F3xx/Inc -I../../MCSDK_v5.4.7/MotorControl/MCSDK/UILibrary/Inc -I../../MCSDK_v5.4.7/MotorControl/MCSDK/SystemDriveParams -I../../Drivers/CMSIS/Device/ST/STM32F3xx/Include -I../../Drivers/CMSIS/Include -I../../Drivers/CMSIS/DSP/Include -Ofast -ffunction-sections -fdata-sections -Wall -fstack-usage -MMD -MP -MF"Drivers/STM32F3xx_HAL_Driver/stm32f3xx_hal_pwr.d" -MT"Drivers/STM32F3xx_HAL_Driver/stm32f3xx_hal_pwr.o" --specs=nano.specs -mfpu=fpv4-sp-d16 -mfloat-abi=hard -mthumb -o "Drivers/STM32F3xx_HAL_Driver/stm32f3xx_hal_pwr.o"
arm-none-eabi-gcc "D:/code/StMtrProject/Motor13BSFM/Drivers/STM32F3xx_HAL_Driver/Src/stm32f3xx_hal_pwr_ex.c" -mcpu=cortex-m4 -std=gnu11 -g3 -DDEBUG -DARM_MATH_CM4 -DUSE_HAL_DRIVER -DSTM32F303xE -c -I../../Inc -I../../Drivers/STM32F3xx_HAL_Driver/Inc -I../../Drivers/STM32F3xx_HAL_Driver/Inc/Legacy -I../../MCSDK_v5.4.7/MotorControl/MCSDK/MCLib/Any/Inc -I../../MCSDK_v5.4.7/MotorControl/MCSDK/MCLib/F3xx/Inc -I../../MCSDK_v5.4.7/MotorControl/MCSDK/UILibrary/Inc -I../../MCSDK_v5.4.7/MotorControl/MCSDK/SystemDriveParams -I../../Drivers/CMSIS/Device/ST/STM32F3xx/Include -I../../Drivers/CMSIS/Include -I../../Drivers/CMSIS/DSP/Include -Ofast -ffunction-sections -fdata-sections -Wall -fstack-usage -MMD -MP -MF"Drivers/STM32F3xx_HAL_Driver/stm32f3xx_hal_pwr_ex.d" -MT"Drivers/STM32F3xx_HAL_Driver/stm32f3xx_hal_pwr_ex.o" --specs=nano.specs -mfpu=fpv4-sp-d16 -mfloat-abi=hard -mthumb -o "Drivers/STM32F3xx_HAL_Driver/stm32f3xx_hal_pwr_ex.o"
arm-none-eabi-gcc "D:/code/StMtrProject/Motor13BSFM/Drivers/STM32F3xx_HAL_Driver/Src/stm32f3xx_hal_rcc.c" -mcpu=cortex-m4 -std=gnu11 -g3 -DDEBUG -DARM_MATH_CM4 -DUSE_HAL_DRIVER -DSTM32F303xE -c -I../../Inc -I../../Drivers/STM32F3xx_HAL_Driver/Inc -I../../Drivers/STM32F3xx_HAL_Driver/Inc/Legacy -I../../MCSDK_v5.4.7/MotorControl/MCSDK/MCLib/Any/Inc -I../../MCSDK_v5.4.7/MotorControl/MCSDK/MCLib/F3xx/Inc -I../../MCSDK_v5.4.7/MotorControl/MCSDK/UILibrary/Inc -I../../MCSDK_v5.4.7/MotorControl/MCSDK/SystemDriveParams -I../../Drivers/CMSIS/Device/ST/STM32F3xx/Include -I../../Drivers/CMSIS/Include -I../../Drivers/CMSIS/DSP/Include -Ofast -ffunction-sections -fdata-sections -Wall -fstack-usage -MMD -MP -MF"Drivers/STM32F3xx_HAL_Driver/stm32f3xx_hal_rcc.d" -MT"Drivers/STM32F3xx_HAL_Driver/stm32f3xx_hal_rcc.o" --specs=nano.specs -mfpu=fpv4-sp-d16 -mfloat-abi=hard -mthumb -o "Drivers/STM32F3xx_HAL_Driver/stm32f3xx_hal_rcc.o"
arm-none-eabi-gcc "D:/code/StMtrProject/Motor13BSFM/Drivers/STM32F3xx_HAL_Driver/Src/stm32f3xx_hal_rcc_ex.c" -mcpu=cortex-m4 -std=gnu11 -g3 -DDEBUG -DARM_MATH_CM4 -DUSE_HAL_DRIVER -DSTM32F303xE -c -I../../Inc -I../../Drivers/STM32F3xx_HAL_Driver/Inc -I../../Drivers/STM32F3xx_HAL_Driver/Inc/Legacy -I../../MCSDK_v5.4.7/MotorControl/MCSDK/MCLib/Any/Inc -I../../MCSDK_v5.4.7/MotorControl/MCSDK/MCLib/F3xx/Inc -I../../MCSDK_v5.4.7/MotorControl/MCSDK/UILibrary/Inc -I../../MCSDK_v5.4.7/MotorControl/MCSDK/SystemDriveParams -I../../Drivers/CMSIS/Device/ST/STM32F3xx/Include -I../../Drivers/CMSIS/Include -I../../Drivers/CMSIS/DSP/Include -Ofast -ffunction-sections -fdata-sections -Wall -fstack-usage -MMD -MP -MF"Drivers/STM32F3xx_HAL_Driver/stm32f3xx_hal_rcc_ex.d" -MT"Drivers/STM32F3xx_HAL_Driver/stm32f3xx_hal_rcc_ex.o" --specs=nano.specs -mfpu=fpv4-sp-d16 -mfloat-abi=hard -mthumb -o "Drivers/STM32F3xx_HAL_Driver/stm32f3xx_hal_rcc_ex.o"
arm-none-eabi-gcc "D:/code/StMtrProject/Motor13BSFM/Drivers/STM32F3xx_HAL_Driver/Src/stm32f3xx_hal_tim.c" -mcpu=cortex-m4 -std=gnu11 -g3 -DDEBUG -DARM_MATH_CM4 -DUSE_HAL_DRIVER -DSTM32F303xE -c -I../../Inc -I../../Drivers/STM32F3xx_HAL_Driver/Inc -I../../Drivers/STM32F3xx_HAL_Driver/Inc/Legacy -I../../MCSDK_v5.4.7/MotorControl/MCSDK/MCLib/Any/Inc -I../../MCSDK_v5.4.7/MotorControl/MCSDK/MCLib/F3xx/Inc -I../../MCSDK_v5.4.7/MotorControl/MCSDK/UILibrary/Inc -I../../MCSDK_v5.4.7/MotorControl/MCSDK/SystemDriveParams -I../../Drivers/CMSIS/Device/ST/STM32F3xx/Include -I../../Drivers/CMSIS/Include -I../../Drivers/CMSIS/DSP/Include -Ofast -ffunction-sections -fdata-sections -Wall -fstack-usage -MMD -MP -MF"Drivers/STM32F3xx_HAL_Driver/stm32f3xx_hal_tim.d" -MT"Drivers/STM32F3xx_HAL_Driver/stm32f3xx_hal_tim.o" --specs=nano.specs -mfpu=fpv4-sp-d16 -mfloat-abi=hard -mthumb -o "Drivers/STM32F3xx_HAL_Driver/stm32f3xx_hal_tim.o"
arm-none-eabi-gcc "D:/code/StMtrProject/Motor13BSFM/Drivers/STM32F3xx_HAL_Driver/Src/stm32f3xx_hal_tim_ex.c" -mcpu=cortex-m4 -std=gnu11 -g3 -DDEBUG -DARM_MATH_CM4 -DUSE_HAL_DRIVER -DSTM32F303xE -c -I../../Inc -I../../Drivers/STM32F3xx_HAL_Driver/Inc -I../../Drivers/STM32F3xx_HAL_Driver/Inc/Legacy -I../../MCSDK_v5.4.7/MotorControl/MCSDK/MCLib/Any/Inc -I../../MCSDK_v5.4.7/MotorControl/MCSDK/MCLib/F3xx/Inc -I../../MCSDK_v5.4.7/MotorControl/MCSDK/UILibrary/Inc -I../../MCSDK_v5.4.7/MotorControl/MCSDK/SystemDriveParams -I../../Drivers/CMSIS/Device/ST/STM32F3xx/Include -I../../Drivers/CMSIS/Include -I../../Drivers/CMSIS/DSP/Include -Ofast -ffunction-sections -fdata-sections -Wall -fstack-usage -MMD -MP -MF"Drivers/STM32F3xx_HAL_Driver/stm32f3xx_hal_tim_ex.d" -MT"Drivers/STM32F3xx_HAL_Driver/stm32f3xx_hal_tim_ex.o" --specs=nano.specs -mfpu=fpv4-sp-d16 -mfloat-abi=hard -mthumb -o "Drivers/STM32F3xx_HAL_Driver/stm32f3xx_hal_tim_ex.o"
arm-none-eabi-gcc "D:/code/StMtrProject/Motor13BSFM/Drivers/STM32F3xx_HAL_Driver/Src/stm32f3xx_hal_uart.c" -mcpu=cortex-m4 -std=gnu11 -g3 -DDEBUG -DARM_MATH_CM4 -DUSE_HAL_DRIVER -DSTM32F303xE -c -I../../Inc -I../../Drivers/STM32F3xx_HAL_Driver/Inc -I../../Drivers/STM32F3xx_HAL_Driver/Inc/Legacy -I../../MCSDK_v5.4.7/MotorControl/MCSDK/MCLib/Any/Inc -I../../MCSDK_v5.4.7/MotorControl/MCSDK/MCLib/F3xx/Inc -I../../MCSDK_v5.4.7/MotorControl/MCSDK/UILibrary/Inc -I../../MCSDK_v5.4.7/MotorControl/MCSDK/SystemDriveParams -I../../Drivers/CMSIS/Device/ST/STM32F3xx/Include -I../../Drivers/CMSIS/Include -I../../Drivers/CMSIS/DSP/Include -Ofast -ffunction-sections -fdata-sections -Wall -fstack-usage -MMD -MP -MF"Drivers/STM32F3xx_HAL_Driver/stm32f3xx_hal_uart.d" -MT"Drivers/STM32F3xx_HAL_Driver/stm32f3xx_hal_uart.o" --specs=nano.specs -mfpu=fpv4-sp-d16 -mfloat-abi=hard -mthumb -o "Drivers/STM32F3xx_HAL_Driver/stm32f3xx_hal_uart.o"
arm-none-eabi-gcc "D:/code/StMtrProject/Motor13BSFM/Drivers/STM32F3xx_HAL_Driver/Src/stm32f3xx_hal_uart_ex.c" -mcpu=cortex-m4 -std=gnu11 -g3 -DDEBUG -DARM_MATH_CM4 -DUSE_HAL_DRIVER -DSTM32F303xE -c -I../../Inc -I../../Drivers/STM32F3xx_HAL_Driver/Inc -I../../Drivers/STM32F3xx_HAL_Driver/Inc/Legacy -I../../MCSDK_v5.4.7/MotorControl/MCSDK/MCLib/Any/Inc -I../../MCSDK_v5.4.7/MotorControl/MCSDK/MCLib/F3xx/Inc -I../../MCSDK_v5.4.7/MotorControl/MCSDK/UILibrary/Inc -I../../MCSDK_v5.4.7/MotorControl/MCSDK/SystemDriveParams -I../../Drivers/CMSIS/Device/ST/STM32F3xx/Include -I../../Drivers/CMSIS/Include -I../../Drivers/CMSIS/DSP/Include -Ofast -ffunction-sections -fdata-sections -Wall -fstack-usage -MMD -MP -MF"Drivers/STM32F3xx_HAL_Driver/stm32f3xx_hal_uart_ex.d" -MT"Drivers/STM32F3xx_HAL_Driver/stm32f3xx_hal_uart_ex.o" --specs=nano.specs -mfpu=fpv4-sp-d16 -mfloat-abi=hard -mthumb -o "Drivers/STM32F3xx_HAL_Driver/stm32f3xx_hal_uart_ex.o"
arm-none-eabi-gcc "D:/code/StMtrProject/Motor13BSFM/Src/system_stm32f3xx.c" -mcpu=cortex-m4 -std=gnu11 -g3 -DDEBUG -DARM_MATH_CM4 -DUSE_HAL_DRIVER -DSTM32F303xE -c -I../../Inc -I../../Drivers/STM32F3xx_HAL_Driver/Inc -I../../Drivers/STM32F3xx_HAL_Driver/Inc/Legacy -I../../MCSDK_v5.4.7/MotorControl/MCSDK/MCLib/Any/Inc -I../../MCSDK_v5.4.7/MotorControl/MCSDK/MCLib/F3xx/Inc -I../../MCSDK_v5.4.7/MotorControl/MCSDK/UILibrary/Inc -I../../MCSDK_v5.4.7/MotorControl/MCSDK/SystemDriveParams -I../../Drivers/CMSIS/Device/ST/STM32F3xx/Include -I../../Drivers/CMSIS/Include -I../../Drivers/CMSIS/DSP/Include -Ofast -ffunction-sections -fdata-sections -Wall -fstack-usage -MMD -MP -MF"Drivers/CMSIS/system_stm32f3xx.d" -MT"Drivers/CMSIS/system_stm32f3xx.o" --specs=nano.specs -mfpu=fpv4-sp-d16 -mfloat-abi=hard -mthumb -o "Drivers/CMSIS/system_stm32f3xx.o"
arm-none-eabi-gcc "D:/code/StMtrProject/Motor13BSFM/Src/dac_ui.c" -mcpu=cortex-m4 -std=gnu11 -g3 -DDEBUG -DARM_MATH_CM4 -DUSE_HAL_DRIVER -DSTM32F303xE -c -I../../Inc -I../../Drivers/STM32F3xx_HAL_Driver/Inc -I../../Drivers/STM32F3xx_HAL_Driver/Inc/Legacy -I../../MCSDK_v5.4.7/MotorControl/MCSDK/MCLib/Any/Inc -I../../MCSDK_v5.4.7/MotorControl/MCSDK/MCLib/F3xx/Inc -I../../MCSDK_v5.4.7/MotorControl/MCSDK/UILibrary/Inc -I../../MCSDK_v5.4.7/MotorControl/MCSDK/SystemDriveParams -I../../Drivers/CMSIS/Device/ST/STM32F3xx/Include -I../../Drivers/CMSIS/Include -I../../Drivers/CMSIS/DSP/Include -Ofast -ffunction-sections -fdata-sections -Wall -fstack-usage -MMD -MP -MF"Application/User/dac_ui.d" -MT"Application/User/dac_ui.o" --specs=nano.specs -mfpu=fpv4-sp-d16 -mfloat-abi=hard -mthumb -o "Application/User/dac_ui.o"
arm-none-eabi-gcc "D:/code/StMtrProject/Motor13BSFM/Src/main.c" -mcpu=cortex-m4 -std=gnu11 -g3 -DDEBUG -DARM_MATH_CM4 -DUSE_HAL_DRIVER -DSTM32F303xE -c -I../../Inc -I../../Drivers/STM32F3xx_HAL_Driver/Inc -I../../Drivers/STM32F3xx_HAL_Driver/Inc/Legacy -I../../MCSDK_v5.4.7/MotorControl/MCSDK/MCLib/Any/Inc -I../../MCSDK_v5.4.7/MotorControl/MCSDK/MCLib/F3xx/Inc -I../../MCSDK_v5.4.7/MotorControl/MCSDK/UILibrary/Inc -I../../MCSDK_v5.4.7/MotorControl/MCSDK/SystemDriveParams -I../../Drivers/CMSIS/Device/ST/STM32F3xx/Include -I../../Drivers/CMSIS/Include -I../../Drivers/CMSIS/DSP/Include -Ofast -ffunction-sections -fdata-sections -Wall -fstack-usage -MMD -MP -MF"Application/User/main.d" -MT"Application/User/main.o" --specs=nano.specs -mfpu=fpv4-sp-d16 -mfloat-abi=hard -mthumb -o "Application/User/main.o"
arm-none-eabi-gcc "D:/code/StMtrProject/Motor13BSFM/Src/mc_api.c" -mcpu=cortex-m4 -std=gnu11 -g3 -DDEBUG -DARM_MATH_CM4 -DUSE_HAL_DRIVER -DSTM32F303xE -c -I../../Inc -I../../Drivers/STM32F3xx_HAL_Driver/Inc -I../../Drivers/STM32F3xx_HAL_Driver/Inc/Legacy -I../../MCSDK_v5.4.7/MotorControl/MCSDK/MCLib/Any/Inc -I../../MCSDK_v5.4.7/MotorControl/MCSDK/MCLib/F3xx/Inc -I../../MCSDK_v5.4.7/MotorControl/MCSDK/UILibrary/Inc -I../../MCSDK_v5.4.7/MotorControl/MCSDK/SystemDriveParams -I../../Drivers/CMSIS/Device/ST/STM32F3xx/Include -I../../Drivers/CMSIS/Include -I../../Drivers/CMSIS/DSP/Include -Ofast -ffunction-sections -fdata-sections -Wall -fstack-usage -MMD -MP -MF"Application/User/mc_api.d" -MT"Application/User/mc_api.o" --specs=nano.specs -mfpu=fpv4-sp-d16 -mfloat-abi=hard -mthumb -o "Application/User/mc_api.o"
arm-none-eabi-gcc "D:/code/StMtrProject/Motor13BSFM/Src/mc_config.c" -mcpu=cortex-m4 -std=gnu11 -g3 -DDEBUG -DARM_MATH_CM4 -DUSE_HAL_DRIVER -DSTM32F303xE -c -I../../Inc -I../../Drivers/STM32F3xx_HAL_Driver/Inc -I../../Drivers/STM32F3xx_HAL_Driver/Inc/Legacy -I../../MCSDK_v5.4.7/MotorControl/MCSDK/MCLib/Any/Inc -I../../MCSDK_v5.4.7/MotorControl/MCSDK/MCLib/F3xx/Inc -I../../MCSDK_v5.4.7/MotorControl/MCSDK/UILibrary/Inc -I../../MCSDK_v5.4.7/MotorControl/MCSDK/SystemDriveParams -I../../Drivers/CMSIS/Device/ST/STM32F3xx/Include -I../../Drivers/CMSIS/Include -I../../Drivers/CMSIS/DSP/Include -Ofast -ffunction-sections -fdata-sections -Wall -fstack-usage -MMD -MP -MF"Application/User/mc_config.d" -MT"Application/User/mc_config.o" --specs=nano.specs -mfpu=fpv4-sp-d16 -mfloat-abi=hard -mthumb -o "Application/User/mc_config.o"
arm-none-eabi-gcc "D:/code/StMtrProject/Motor13BSFM/Src/mc_interface.c" -mcpu=cortex-m4 -std=gnu11 -g3 -DDEBUG -DARM_MATH_CM4 -DUSE_HAL_DRIVER -DSTM32F303xE -c -I../../Inc -I../../Drivers/STM32F3xx_HAL_Driver/Inc -I../../Drivers/STM32F3xx_HAL_Driver/Inc/Legacy -I../../MCSDK_v5.4.7/MotorControl/MCSDK/MCLib/Any/Inc -I../../MCSDK_v5.4.7/MotorControl/MCSDK/MCLib/F3xx/Inc -I../../MCSDK_v5.4.7/MotorControl/MCSDK/UILibrary/Inc -I../../MCSDK_v5.4.7/MotorControl/MCSDK/SystemDriveParams -I../../Drivers/CMSIS/Device/ST/STM32F3xx/Include -I../../Drivers/CMSIS/Include -I../../Drivers/CMSIS/DSP/Include -Ofast -ffunction-sections -fdata-sections -Wall -fstack-usage -MMD -MP -MF"Application/User/mc_interface.d" -MT"Application/User/mc_interface.o" --specs=nano.specs -mfpu=fpv4-sp-d16 -mfloat-abi=hard -mthumb -o "Application/User/mc_interface.o"
arm-none-eabi-gcc "D:/code/StMtrProject/Motor13BSFM/Src/mc_math.c" -mcpu=cortex-m4 -std=gnu11 -g3 -DDEBUG -DARM_MATH_CM4 -DUSE_HAL_DRIVER -DSTM32F303xE -c -I../../Inc -I../../Drivers/STM32F3xx_HAL_Driver/Inc -I../../Drivers/STM32F3xx_HAL_Driver/Inc/Legacy -I../../MCSDK_v5.4.7/MotorControl/MCSDK/MCLib/Any/Inc -I../../MCSDK_v5.4.7/MotorControl/MCSDK/MCLib/F3xx/Inc -I../../MCSDK_v5.4.7/MotorControl/MCSDK/UILibrary/Inc -I../../MCSDK_v5.4.7/MotorControl/MCSDK/SystemDriveParams -I../../Drivers/CMSIS/Device/ST/STM32F3xx/Include -I../../Drivers/CMSIS/Include -I../../Drivers/CMSIS/DSP/Include -Ofast -ffunction-sections -fdata-sections -Wall -fstack-usage -MMD -MP -MF"Application/User/mc_math.d" -MT"Application/User/mc_math.o" --specs=nano.specs -mfpu=fpv4-sp-d16 -mfloat-abi=hard -mthumb -o "Application/User/mc_math.o"
arm-none-eabi-gcc "D:/code/StMtrProject/Motor13BSFM/Src/mc_parameters.c" -mcpu=cortex-m4 -std=gnu11 -g3 -DDEBUG -DARM_MATH_CM4 -DUSE_HAL_DRIVER -DSTM32F303xE -c -I../../Inc -I../../Drivers/STM32F3xx_HAL_Driver/Inc -I../../Drivers/STM32F3xx_HAL_Driver/Inc/Legacy -I../../MCSDK_v5.4.7/MotorControl/MCSDK/MCLib/Any/Inc -I../../MCSDK_v5.4.7/MotorControl/MCSDK/MCLib/F3xx/Inc -I../../MCSDK_v5.4.7/MotorControl/MCSDK/UILibrary/Inc -I../../MCSDK_v5.4.7/MotorControl/MCSDK/SystemDriveParams -I../../Drivers/CMSIS/Device/ST/STM32F3xx/Include -I../../Drivers/CMSIS/Include -I../../Drivers/CMSIS/DSP/Include -Ofast -ffunction-sections -fdata-sections -Wall -fstack-usage -MMD -MP -MF"Application/User/mc_parameters.d" -MT"Application/User/mc_parameters.o" --specs=nano.specs -mfpu=fpv4-sp-d16 -mfloat-abi=hard -mthumb -o "Application/User/mc_parameters.o"
arm-none-eabi-gcc "D:/code/StMtrProject/Motor13BSFM/Src/mc_tasks.c" -mcpu=cortex-m4 -std=gnu11 -g3 -DDEBUG -DARM_MATH_CM4 -DUSE_HAL_DRIVER -DSTM32F303xE -c -I../../Inc -I../../Drivers/STM32F3xx_HAL_Driver/Inc -I../../Drivers/STM32F3xx_HAL_Driver/Inc/Legacy -I../../MCSDK_v5.4.7/MotorControl/MCSDK/MCLib/Any/Inc -I../../MCSDK_v5.4.7/MotorControl/MCSDK/MCLib/F3xx/Inc -I../../MCSDK_v5.4.7/MotorControl/MCSDK/UILibrary/Inc -I../../MCSDK_v5.4.7/MotorControl/MCSDK/SystemDriveParams -I../../Drivers/CMSIS/Device/ST/STM32F3xx/Include -I../../Drivers/CMSIS/Include -I../../Drivers/CMSIS/DSP/Include -Ofast -ffunction-sections -fdata-sections -Wall -fstack-usage -MMD -MP -MF"Application/User/mc_tasks.d" -MT"Application/User/mc_tasks.o" --specs=nano.specs -mfpu=fpv4-sp-d16 -mfloat-abi=hard -mthumb -o "Application/User/mc_tasks.o"
arm-none-eabi-gcc "D:/code/StMtrProject/Motor13BSFM/Src/motor_control_protocol.c" -mcpu=cortex-m4 -std=gnu11 -g3 -DDEBUG -DARM_MATH_CM4 -DUSE_HAL_DRIVER -DSTM32F303xE -c -I../../Inc -I../../Drivers/STM32F3xx_HAL_Driver/Inc -I../../Drivers/STM32F3xx_HAL_Driver/Inc/Legacy -I../../MCSDK_v5.4.7/MotorControl/MCSDK/MCLib/Any/Inc -I../../MCSDK_v5.4.7/MotorControl/MCSDK/MCLib/F3xx/Inc -I../../MCSDK_v5.4.7/MotorControl/MCSDK/UILibrary/Inc -I../../MCSDK_v5.4.7/MotorControl/MCSDK/SystemDriveParams -I../../Drivers/CMSIS/Device/ST/STM32F3xx/Include -I../../Drivers/CMSIS/Include -I../../Drivers/CMSIS/DSP/Include -Ofast -ffunction-sections -fdata-sections -Wall -fstack-usage -MMD -MP -MF"Application/User/motor_control_protocol.d" -MT"Application/User/motor_control_protocol.o" --specs=nano.specs -mfpu=fpv4-sp-d16 -mfloat-abi=hard -mthumb -o "Application/User/motor_control_protocol.o"
arm-none-eabi-gcc "D:/code/StMtrProject/Motor13BSFM/Src/motorcontrol.c" -mcpu=cortex-m4 -std=gnu11 -g3 -DDEBUG -DARM_MATH_CM4 -DUSE_HAL_DRIVER -DSTM32F303xE -c -I../../Inc -I../../Drivers/STM32F3xx_HAL_Driver/Inc -I../../Drivers/STM32F3xx_HAL_Driver/Inc/Legacy -I../../MCSDK_v5.4.7/MotorControl/MCSDK/MCLib/Any/Inc -I../../MCSDK_v5.4.7/MotorControl/MCSDK/MCLib/F3xx/Inc -I../../MCSDK_v5.4.7/MotorControl/MCSDK/UILibrary/Inc -I../../MCSDK_v5.4.7/MotorControl/MCSDK/SystemDriveParams -I../../Drivers/CMSIS/Device/ST/STM32F3xx/Include -I../../Drivers/CMSIS/Include -I../../Drivers/CMSIS/DSP/Include -Ofast -ffunction-sections -fdata-sections -Wall -fstack-usage -MMD -MP -MF"Application/User/motorcontrol.d" -MT"Application/User/motorcontrol.o" --specs=nano.specs -mfpu=fpv4-sp-d16 -mfloat-abi=hard -mthumb -o "Application/User/motorcontrol.o"
arm-none-eabi-gcc "D:/code/StMtrProject/Motor13BSFM/Src/regular_conversion_manager.c" -mcpu=cortex-m4 -std=gnu11 -g3 -DDEBUG -DARM_MATH_CM4 -DUSE_HAL_DRIVER -DSTM32F303xE -c -I../../Inc -I../../Drivers/STM32F3xx_HAL_Driver/Inc -I../../Drivers/STM32F3xx_HAL_Driver/Inc/Legacy -I../../MCSDK_v5.4.7/MotorControl/MCSDK/MCLib/Any/Inc -I../../MCSDK_v5.4.7/MotorControl/MCSDK/MCLib/F3xx/Inc -I../../MCSDK_v5.4.7/MotorControl/MCSDK/UILibrary/Inc -I../../MCSDK_v5.4.7/MotorControl/MCSDK/SystemDriveParams -I../../Drivers/CMSIS/Device/ST/STM32F3xx/Include -I../../Drivers/CMSIS/Include -I../../Drivers/CMSIS/DSP/Include -Ofast -ffunction-sections -fdata-sections -Wall -fstack-usage -MMD -MP -MF"Application/User/regular_conversion_manager.d" -MT"Application/User/regular_conversion_manager.o" --specs=nano.specs -mfpu=fpv4-sp-d16 -mfloat-abi=hard -mthumb -o "Application/User/regular_conversion_manager.o"
arm-none-eabi-gcc "D:/code/StMtrProject/Motor13BSFM/Src/stm32f30x_mc_it.c" -mcpu=cortex-m4 -std=gnu11 -g3 -DDEBUG -DARM_MATH_CM4 -DUSE_HAL_DRIVER -DSTM32F303xE -c -I../../Inc -I../../Drivers/STM32F3xx_HAL_Driver/Inc -I../../Drivers/STM32F3xx_HAL_Driver/Inc/Legacy -I../../MCSDK_v5.4.7/MotorControl/MCSDK/MCLib/Any/Inc -I../../MCSDK_v5.4.7/MotorControl/MCSDK/MCLib/F3xx/Inc -I../../MCSDK_v5.4.7/MotorControl/MCSDK/UILibrary/Inc -I../../MCSDK_v5.4.7/MotorControl/MCSDK/SystemDriveParams -I../../Drivers/CMSIS/Device/ST/STM32F3xx/Include -I../../Drivers/CMSIS/Include -I../../Drivers/CMSIS/DSP/Include -Ofast -ffunction-sections -fdata-sections -Wall -fstack-usage -MMD -MP -MF"Application/User/stm32f30x_mc_it.d" -MT"Application/User/stm32f30x_mc_it.o" --specs=nano.specs -mfpu=fpv4-sp-d16 -mfloat-abi=hard -mthumb -o "Application/User/stm32f30x_mc_it.o"
arm-none-eabi-gcc "D:/code/StMtrProject/Motor13BSFM/Src/stm32f3xx_hal_msp.c" -mcpu=cortex-m4 -std=gnu11 -g3 -DDEBUG -DARM_MATH_CM4 -DUSE_HAL_DRIVER -DSTM32F303xE -c -I../../Inc -I../../Drivers/STM32F3xx_HAL_Driver/Inc -I../../Drivers/STM32F3xx_HAL_Driver/Inc/Legacy -I../../MCSDK_v5.4.7/MotorControl/MCSDK/MCLib/Any/Inc -I../../MCSDK_v5.4.7/MotorControl/MCSDK/MCLib/F3xx/Inc -I../../MCSDK_v5.4.7/MotorControl/MCSDK/UILibrary/Inc -I../../MCSDK_v5.4.7/MotorControl/MCSDK/SystemDriveParams -I../../Drivers/CMSIS/Device/ST/STM32F3xx/Include -I../../Drivers/CMSIS/Include -I../../Drivers/CMSIS/DSP/Include -Ofast -ffunction-sections -fdata-sections -Wall -fstack-usage -MMD -MP -MF"Application/User/stm32f3xx_hal_msp.d" -MT"Application/User/stm32f3xx_hal_msp.o" --specs=nano.specs -mfpu=fpv4-sp-d16 -mfloat-abi=hard -mthumb -o "Application/User/stm32f3xx_hal_msp.o"
arm-none-eabi-gcc "D:/code/StMtrProject/Motor13BSFM/Src/stm32f3xx_it.c" -mcpu=cortex-m4 -std=gnu11 -g3 -DDEBUG -DARM_MATH_CM4 -DUSE_HAL_DRIVER -DSTM32F303xE -c -I../../Inc -I../../Drivers/STM32F3xx_HAL_Driver/Inc -I../../Drivers/STM32F3xx_HAL_Driver/Inc/Legacy -I../../MCSDK_v5.4.7/MotorControl/MCSDK/MCLib/Any/Inc -I../../MCSDK_v5.4.7/MotorControl/MCSDK/MCLib/F3xx/Inc -I../../MCSDK_v5.4.7/MotorControl/MCSDK/UILibrary/Inc -I../../MCSDK_v5.4.7/MotorControl/MCSDK/SystemDriveParams -I../../Drivers/CMSIS/Device/ST/STM32F3xx/Include -I../../Drivers/CMSIS/Include -I../../Drivers/CMSIS/DSP/Include -Ofast -ffunction-sections -fdata-sections -Wall -fstack-usage -MMD -MP -MF"Application/User/stm32f3xx_it.d" -MT"Application/User/stm32f3xx_it.o" --specs=nano.specs -mfpu=fpv4-sp-d16 -mfloat-abi=hard -mthumb -o "Application/User/stm32f3xx_it.o"
arm-none-eabi-gcc "../Application/User/syscalls.c" -mcpu=cortex-m4 -std=gnu11 -g3 -DDEBUG -DARM_MATH_CM4 -DUSE_HAL_DRIVER -DSTM32F303xE -c -I../../Inc -I../../Drivers/STM32F3xx_HAL_Driver/Inc -I../../Drivers/STM32F3xx_HAL_Driver/Inc/Legacy -I../../MCSDK_v5.4.7/MotorControl/MCSDK/MCLib/Any/Inc -I../../MCSDK_v5.4.7/MotorControl/MCSDK/MCLib/F3xx/Inc -I../../MCSDK_v5.4.7/MotorControl/MCSDK/UILibrary/Inc -I../../MCSDK_v5.4.7/MotorControl/MCSDK/SystemDriveParams -I../../Drivers/CMSIS/Device/ST/STM32F3xx/Include -I../../Drivers/CMSIS/Include -I../../Drivers/CMSIS/DSP/Include -Ofast -ffunction-sections -fdata-sections -Wall -fstack-usage -MMD -MP -MF"Application/User/syscalls.d" -MT"Application/User/syscalls.o" --specs=nano.specs -mfpu=fpv4-sp-d16 -mfloat-abi=hard -mthumb -o "Application/User/syscalls.o"
arm-none-eabi-gcc "../Application/User/sysmem.c" -mcpu=cortex-m4 -std=gnu11 -g3 -DDEBUG -DARM_MATH_CM4 -DUSE_HAL_DRIVER -DSTM32F303xE -c -I../../Inc -I../../Drivers/STM32F3xx_HAL_Driver/Inc -I../../Drivers/STM32F3xx_HAL_Driver/Inc/Legacy -I../../MCSDK_v5.4.7/MotorControl/MCSDK/MCLib/Any/Inc -I../../MCSDK_v5.4.7/MotorControl/MCSDK/MCLib/F3xx/Inc -I../../MCSDK_v5.4.7/MotorControl/MCSDK/UILibrary/Inc -I../../MCSDK_v5.4.7/MotorControl/MCSDK/SystemDriveParams -I../../Drivers/CMSIS/Device/ST/STM32F3xx/Include -I../../Drivers/CMSIS/Include -I../../Drivers/CMSIS/DSP/Include -Ofast -ffunction-sections -fdata-sections -Wall -fstack-usage -MMD -MP -MF"Application/User/sysmem.d" -MT"Application/User/sysmem.o" --specs=nano.specs -mfpu=fpv4-sp-d16 -mfloat-abi=hard -mthumb -o "Application/User/sysmem.o"
arm-none-eabi-gcc "D:/code/StMtrProject/Motor13BSFM/Src/ui_task.c" -mcpu=cortex-m4 -std=gnu11 -g3 -DDEBUG -DARM_MATH_CM4 -DUSE_HAL_DRIVER -DSTM32F303xE -c -I../../Inc -I../../Drivers/STM32F3xx_HAL_Driver/Inc -I../../Drivers/STM32F3xx_HAL_Driver/Inc/Legacy -I../../MCSDK_v5.4.7/MotorControl/MCSDK/MCLib/Any/Inc -I../../MCSDK_v5.4.7/MotorControl/MCSDK/MCLib/F3xx/Inc -I../../MCSDK_v5.4.7/MotorControl/MCSDK/UILibrary/Inc -I../../MCSDK_v5.4.7/MotorControl/MCSDK/SystemDriveParams -I../../Drivers/CMSIS/Device/ST/STM32F3xx/Include -I../../Drivers/CMSIS/Include -I../../Drivers/CMSIS/DSP/Include -Ofast -ffunction-sections -fdata-sections -Wall -fstack-usage -MMD -MP -MF"Application/User/ui_task.d" -MT"Application/User/ui_task.o" --specs=nano.specs -mfpu=fpv4-sp-d16 -mfloat-abi=hard -mthumb -o "Application/User/ui_task.o"
arm-none-eabi-gcc "D:/code/StMtrProject/Motor13BSFM/Src/user_interface.c" -mcpu=cortex-m4 -std=gnu11 -g3 -DDEBUG -DARM_MATH_CM4 -DUSE_HAL_DRIVER -DSTM32F303xE -c -I../../Inc -I../../Drivers/STM32F3xx_HAL_Driver/Inc -I../../Drivers/STM32F3xx_HAL_Driver/Inc/Legacy -I../../MCSDK_v5.4.7/MotorControl/MCSDK/MCLib/Any/Inc -I../../MCSDK_v5.4.7/MotorControl/MCSDK/MCLib/F3xx/Inc -I../../MCSDK_v5.4.7/MotorControl/MCSDK/UILibrary/Inc -I../../MCSDK_v5.4.7/MotorControl/MCSDK/SystemDriveParams -I../../Drivers/CMSIS/Device/ST/STM32F3xx/Include -I../../Drivers/CMSIS/Include -I../../Drivers/CMSIS/DSP/Include -Ofast -ffunction-sections -fdata-sections -Wall -fstack-usage -MMD -MP -MF"Application/User/user_interface.d" -MT"Application/User/user_interface.o" --specs=nano.specs -mfpu=fpv4-sp-d16 -mfloat-abi=hard -mthumb -o "Application/User/user_interface.o"
arm-none-eabi-gcc -mcpu=cortex-m4 -g3 -DDEBUG -c -x assembler-with-cpp -MMD -MP -MF"Application/Startup/startup_stm32f303retx.d" -MT"Application/Startup/startup_stm32f303retx.o" --specs=nano.specs -mfpu=fpv4-sp-d16 -mfloat-abi=hard -mthumb -o "Application/Startup/startup_stm32f303retx.o" "../Application/Startup/startup_stm32f303retx.s"
arm-none-eabi-gcc -o "Motor13BSFM.elf" @"objects.list"  -l:libmc-gcc_M4_NoCCMRAM.lib -mcpu=cortex-m4 -T"D:\code\StMtrProject\Motor13BSFM\STM32CubeIDE\STM32F303RETX_FLASH.ld" --specs=nosys.specs -Wl,-Map="Motor13BSFM.map" -Wl,--gc-sections -static -L../../MCSDK_v5.4.7/MotorControl/lib --specs=nano.specs -mfpu=fpv4-sp-d16 -mfloat-abi=hard -mthumb -Wl,--start-group -lc -lm -Wl,--end-group
Finished building target: Motor13BSFM.elf
 
arm-none-eabi-size   Motor13BSFM.elf 
arm-none-eabi-objdump -h -S  Motor13BSFM.elf  > "Motor13BSFM.list"
arm-none-eabi-objcopy  -O binary  Motor13BSFM.elf  "Motor13BSFM.bin"
   text	   data	    bss	    dec	    hex	filename
  31120	   1524	   2564	  35208	   8988	Motor13BSFM.elf
Finished building: default.size.stdout
 
Finished building: Motor13BSFM.bin
Finished building: Motor13BSFM.list
 
 
15:13:40 **** Incremental Build of configuration Debug for project Motor13BSFM ****
make -j8 all 
arm-none-eabi-size   Motor13BSFM.elf 
   text	   data	    bss	    dec	    hex	filename
  31120	   1524	   2564	  35208	   8988	Motor13BSFM.elf
Finished building: default.size.stdout
 
